Archive member included to satisfy reference by file (symbol)

C:/ST/STM32CubeCLT_1.16.0/GNU-tools-for-STM32/bin/../lib/gcc/arm-none-eabi/12.3.1/../../../../arm-none-eabi/lib/thumb/v7e-m+fp/hard\libc_nano.a(libc_a-exit.o)
                              C:/ST/STM32CubeCLT_1.16.0/GNU-tools-for-STM32/bin/../lib/gcc/arm-none-eabi/12.3.1/../../../../arm-none-eabi/lib/thumb/v7e-m+fp/hard/crt0.o (exit)
C:/ST/STM32CubeCLT_1.16.0/GNU-tools-for-STM32/bin/../lib/gcc/arm-none-eabi/12.3.1/../../../../arm-none-eabi/lib/thumb/v7e-m+fp/hard\libc_nano.a(libc_a-findfp.o)
                              C:/ST/STM32CubeCLT_1.16.0/GNU-tools-for-STM32/bin/../lib/gcc/arm-none-eabi/12.3.1/../../../../arm-none-eabi/lib/thumb/v7e-m+fp/hard\libc_nano.a(libc_a-exit.o) (__stdio_exit_handler)
C:/ST/STM32CubeCLT_1.16.0/GNU-tools-for-STM32/bin/../lib/gcc/arm-none-eabi/12.3.1/../../../../arm-none-eabi/lib/thumb/v7e-m+fp/hard\libc_nano.a(libc_a-fwalk.o)
                              C:/ST/STM32CubeCLT_1.16.0/GNU-tools-for-STM32/bin/../lib/gcc/arm-none-eabi/12.3.1/../../../../arm-none-eabi/lib/thumb/v7e-m+fp/hard\libc_nano.a(libc_a-findfp.o) (_fwalk_sglue)
C:/ST/STM32CubeCLT_1.16.0/GNU-tools-for-STM32/bin/../lib/gcc/arm-none-eabi/12.3.1/../../../../arm-none-eabi/lib/thumb/v7e-m+fp/hard\libc_nano.a(libc_a-stdio.o)
                              C:/ST/STM32CubeCLT_1.16.0/GNU-tools-for-STM32/bin/../lib/gcc/arm-none-eabi/12.3.1/../../../../arm-none-eabi/lib/thumb/v7e-m+fp/hard\libc_nano.a(libc_a-findfp.o) (__sread)
C:/ST/STM32CubeCLT_1.16.0/GNU-tools-for-STM32/bin/../lib/gcc/arm-none-eabi/12.3.1/../../../../arm-none-eabi/lib/thumb/v7e-m+fp/hard\libc_nano.a(libc_a-memset.o)
                              C:/ST/STM32CubeCLT_1.16.0/GNU-tools-for-STM32/bin/../lib/gcc/arm-none-eabi/12.3.1/../../../../arm-none-eabi/lib/thumb/v7e-m+fp/hard/crt0.o (memset)
C:/ST/STM32CubeCLT_1.16.0/GNU-tools-for-STM32/bin/../lib/gcc/arm-none-eabi/12.3.1/../../../../arm-none-eabi/lib/thumb/v7e-m+fp/hard\libc_nano.a(libc_a-closer.o)
                              C:/ST/STM32CubeCLT_1.16.0/GNU-tools-for-STM32/bin/../lib/gcc/arm-none-eabi/12.3.1/../../../../arm-none-eabi/lib/thumb/v7e-m+fp/hard\libc_nano.a(libc_a-stdio.o) (_close_r)
C:/ST/STM32CubeCLT_1.16.0/GNU-tools-for-STM32/bin/../lib/gcc/arm-none-eabi/12.3.1/../../../../arm-none-eabi/lib/thumb/v7e-m+fp/hard\libc_nano.a(libc_a-reent.o)
                              C:/ST/STM32CubeCLT_1.16.0/GNU-tools-for-STM32/bin/../lib/gcc/arm-none-eabi/12.3.1/../../../../arm-none-eabi/lib/thumb/v7e-m+fp/hard\libc_nano.a(libc_a-closer.o) (errno)
C:/ST/STM32CubeCLT_1.16.0/GNU-tools-for-STM32/bin/../lib/gcc/arm-none-eabi/12.3.1/../../../../arm-none-eabi/lib/thumb/v7e-m+fp/hard\libc_nano.a(libc_a-impure.o)
                              C:/ST/STM32CubeCLT_1.16.0/GNU-tools-for-STM32/bin/../lib/gcc/arm-none-eabi/12.3.1/../../../../arm-none-eabi/lib/thumb/v7e-m+fp/hard\libc_nano.a(libc_a-reent.o) (_impure_ptr)
C:/ST/STM32CubeCLT_1.16.0/GNU-tools-for-STM32/bin/../lib/gcc/arm-none-eabi/12.3.1/../../../../arm-none-eabi/lib/thumb/v7e-m+fp/hard\libc_nano.a(libc_a-lseekr.o)
                              C:/ST/STM32CubeCLT_1.16.0/GNU-tools-for-STM32/bin/../lib/gcc/arm-none-eabi/12.3.1/../../../../arm-none-eabi/lib/thumb/v7e-m+fp/hard\libc_nano.a(libc_a-stdio.o) (_lseek_r)
C:/ST/STM32CubeCLT_1.16.0/GNU-tools-for-STM32/bin/../lib/gcc/arm-none-eabi/12.3.1/../../../../arm-none-eabi/lib/thumb/v7e-m+fp/hard\libc_nano.a(libc_a-readr.o)
                              C:/ST/STM32CubeCLT_1.16.0/GNU-tools-for-STM32/bin/../lib/gcc/arm-none-eabi/12.3.1/../../../../arm-none-eabi/lib/thumb/v7e-m+fp/hard\libc_nano.a(libc_a-stdio.o) (_read_r)
C:/ST/STM32CubeCLT_1.16.0/GNU-tools-for-STM32/bin/../lib/gcc/arm-none-eabi/12.3.1/../../../../arm-none-eabi/lib/thumb/v7e-m+fp/hard\libc_nano.a(libc_a-writer.o)
                              C:/ST/STM32CubeCLT_1.16.0/GNU-tools-for-STM32/bin/../lib/gcc/arm-none-eabi/12.3.1/../../../../arm-none-eabi/lib/thumb/v7e-m+fp/hard\libc_nano.a(libc_a-stdio.o) (_write_r)
C:/ST/STM32CubeCLT_1.16.0/GNU-tools-for-STM32/bin/../lib/gcc/arm-none-eabi/12.3.1/../../../../arm-none-eabi/lib/thumb/v7e-m+fp/hard\libc_nano.a(libc_a-init.o)
                              C:/ST/STM32CubeCLT_1.16.0/GNU-tools-for-STM32/bin/../lib/gcc/arm-none-eabi/12.3.1/../../../../arm-none-eabi/lib/thumb/v7e-m+fp/hard/crt0.o (__libc_init_array)
C:/ST/STM32CubeCLT_1.16.0/GNU-tools-for-STM32/bin/../lib/gcc/arm-none-eabi/12.3.1/../../../../arm-none-eabi/lib/thumb/v7e-m+fp/hard\libc_nano.a(libc_a-lock.o)
                              C:/ST/STM32CubeCLT_1.16.0/GNU-tools-for-STM32/bin/../lib/gcc/arm-none-eabi/12.3.1/../../../../arm-none-eabi/lib/thumb/v7e-m+fp/hard\libc_nano.a(libc_a-findfp.o) (__retarget_lock_init_recursive)
C:/ST/STM32CubeCLT_1.16.0/GNU-tools-for-STM32/bin/../lib/gcc/arm-none-eabi/12.3.1/../../../../arm-none-eabi/lib/thumb/v7e-m+fp/hard\libc_nano.a(libc_a-freer.o)
[...]
Memory Configuration

Name             Origin             Length             Attributes
RAM              0x20000000         0x00020000         xrw
FLASH            0x08000000         0x00080000         xr
*default*        0x00000000         0xffffffff

Linker script and memory map

LOAD C:/ST/STM32CubeCLT_1.16.0/GNU-tools-for-STM32/bin/../lib/gcc/arm-none-eabi/12.3.1/thumb/v7e-m+fp/hard/crti.o
LOAD C:/ST/STM32CubeCLT_1.16.0/GNU-tools-for-STM32/bin/../lib/gcc/arm-none-eabi/12.3.1/thumb/v7e-m+fp/hard/crtbegin.o
LOAD C:/ST/STM32CubeCLT_1.16.0/GNU-tools-for-STM32/bin/../lib/gcc/arm-none-eabi/12.3.1/../../../../arm-none-eabi/lib/thumb/v7e-m+fp/hard/crt0.o
START GROUP
LOAD C:/ST/STM32CubeCLT_1.16.0/GNU-tools-for-STM32/bin/../lib/gcc/arm-none-eabi/12.3.1/../../../../arm-none-eabi/lib/thumb/v7e-m+fp/hard\libc_nano.a
LOAD C:/ST/STM32CubeCLT_1.16.0/GNU-tools-for-STM32/bin/../lib/gcc/arm-none-eabi/12.3.1/../../../../arm-none-eabi/lib/thumb/v7e-m+fp/hard\libm.a
END GROUP
LOAD CMakeFiles/Power_Logging_Module_25.dir/Core/Src/main.c.obj
LOAD CMakeFiles/Power_Logging_Module_25.dir/Core/Src/stm32f4xx_it.c.obj
LOAD CMakeFiles/Power_Logging_Module_25.dir/Core/Src/stm32f4xx_hal_msp.c.obj
LOAD CMakeFiles/Power_Logging_Module_25.dir/Drivers/STM32F4xx_HAL_Driver/Src/stm32f4xx_hal_adc.c.obj
LOAD CMakeFiles/Power_Logging_Module_25.dir/Drivers/STM32F4xx_HAL_Driver/Src/stm32f4xx_hal_adc_ex.c.obj
LOAD CMakeFiles/Power_Logging_Module_25.dir/Drivers/STM32F4xx_HAL_Driver/Src/stm32f4xx_ll_adc.c.obj
LOAD CMakeFiles/Power_Logging_Module_25.dir/Drivers/STM32F4xx_HAL_Driver/Src/stm32f4xx_hal_rcc.c.obj
LOAD CMakeFiles/Power_Logging_Module_25.dir/Drivers/STM32F4xx_HAL_Driver/Src/stm32f4xx_hal_rcc_ex.c.obj
LOAD CMakeFiles/Power_Logging_Module_25.dir/Drivers/STM32F4xx_HAL_Driver/Src/stm32f4xx_hal_flash.c.obj
LOAD CMakeFiles/Power_Logging_Module_25.dir/Drivers/STM32F4xx_HAL_Driver/Src/stm32f4xx_hal_flash_ex.c.obj
LOAD CMakeFiles/Power_Logging_Module_25.dir/Drivers/STM32F4xx_HAL_Driver/Src/stm32f4xx_hal_flash_ramfunc.c.obj
LOAD CMakeFiles/Power_Logging_Module_25.dir/Drivers/STM32F4xx_HAL_Driver/Src/stm32f4xx_hal_gpio.c.obj
LOAD CMakeFiles/Power_Logging_Module_25.dir/Drivers/STM32F4xx_HAL_Driver/Src/stm32f4xx_hal_dma_ex.c.obj
LOAD CMakeFiles/Power_Logging_Module_25.dir/Drivers/STM32F4xx_HAL_Driver/Src/stm32f4xx_hal_dma.c.obj
LOAD CMakeFiles/Power_Logging_Module_25.dir/Drivers/STM32F4xx_HAL_Driver/Src/stm32f4xx_hal_pwr.c.obj
LOAD CMakeFiles/Power_Logging_Module_25.dir/Drivers/STM32F4xx_HAL_Driver/Src/stm32f4xx_hal_pwr_ex.c.obj
LOAD CMakeFiles/Power_Logging_Module_25.dir/Drivers/STM32F4xx_HAL_Driver/Src/stm32f4xx_hal_cortex.c.obj
LOAD CMakeFiles/Power_Logging_Module_25.dir/Drivers/STM32F4xx_HAL_Driver/Src/stm32f4xx_hal.c.obj
LOAD CMakeFiles/Power_Logging_Module_25.dir/Drivers/STM32F4xx_HAL_Driver/Src/stm32f4xx_hal_exti.c.obj
LOAD CMakeFiles/Power_Logging_Module_25.dir/Drivers/STM32F4xx_HAL_Driver/Src/stm32f4xx_hal_can.c.obj
LOAD CMakeFiles/Power_Logging_Module_25.dir/Drivers/STM32F4xx_HAL_Driver/Src/stm32f4xx_hal_i2c.c.obj
LOAD CMakeFiles/Power_Logging_Module_25.dir/Drivers/STM32F4xx_HAL_Driver/Src/stm32f4xx_hal_i2c_ex.c.obj
LOAD CMakeFiles/Power_Logging_Module_25.dir/Drivers/STM32F4xx_HAL_Driver/Src/stm32f4xx_hal_rtc.c.obj
LOAD CMakeFiles/Power_Logging_Module_25.dir/Drivers/STM32F4xx_HAL_Driver/Src/stm32f4xx_hal_rtc_ex.c.obj
LOAD CMakeFiles/Power_Logging_Module_25.dir/Drivers/STM32F4xx_HAL_Driver/Src/stm32f4xx_ll_sdmmc.c.obj
LOAD CMakeFiles/Power_Logging_Module_25.dir/Drivers/STM32F4xx_HAL_Driver/Src/stm32f4xx_hal_sd.c.obj
LOAD CMakeFiles/Power_Logging_Module_25.dir/Drivers/STM32F4xx_HAL_Driver/Src/stm32f4xx_hal_tim.c.obj
LOAD CMakeFiles/Power_Logging_Module_25.dir/Drivers/STM32F4xx_HAL_Driver/Src/stm32f4xx_hal_tim_ex.c.obj
LOAD CMakeFiles/Power_Logging_Module_25.dir/Drivers/STM32F4xx_HAL_Driver/Src/stm32f4xx_hal_uart.c.obj
LOAD CMakeFiles/Power_Logging_Module_25.dir/Core/Src/system_stm32f4xx.c.obj
LOAD CMakeFiles/Power_Logging_Module_25.dir/Core/Src/sysmem.c.obj
LOAD CMakeFiles/Power_Logging_Module_25.dir/Core/Src/syscalls.c.obj
LOAD CMakeFiles/Power_Logging_Module_25.dir/startup_stm32f446xx.s.obj
START GROUP
LOAD C:/ST/STM32CubeCLT_1.16.0/GNU-tools-for-STM32/bin/../lib/gcc/arm-none-eabi/12.3.1/thumb/v7e-m+fp/hard\libgcc.a
LOAD C:/ST/STM32CubeCLT_1.16.0/GNU-tools-for-STM32/bin/../lib/gcc/arm-none-eabi/12.3.1/../../../../arm-none-eabi/lib/thumb/v7e-m+fp/hard\libg_nano.a
LOAD C:/ST/STM32CubeCLT_1.16.0/GNU-tools-for-STM32/bin/../lib/gcc/arm-none-eabi/12.3.1/../../../../arm-none-eabi/lib/thumb/v7e-m+fp/hard\libc_nano.a
END GROUP
START GROUP
LOAD C:/ST/STM32CubeCLT_1.16.0/GNU-tools-for-STM32/bin/../lib/gcc/arm-none-eabi/12.3.1/thumb/v7e-m+fp/hard\libgcc.a
LOAD C:/ST/STM32CubeCLT_1.16.0/GNU-tools-for-STM32/bin/../lib/gcc/arm-none-eabi/12.3.1/../../../../arm-none-eabi/lib/thumb/v7e-m+fp/hard\libc_nano.a
END GROUP
LOAD C:/ST/STM32CubeCLT_1.16.0/GNU-tools-for-STM32/bin/../lib/gcc/arm-none-eabi/12.3.1/thumb/v7e-m+fp/hard/crtend.o
LOAD C:/ST/STM32CubeCLT_1.16.0/GNU-tools-for-STM32/bin/../lib/gcc/arm-none-eabi/12.3.1/thumb/v7e-m+fp/hard/crtn.o
                0x20020000                        _estack = (ORIGIN (RAM) + LENGTH (RAM))
                0x00000200                        _Min_Heap_Size = 0x200
                0x00000400                        _Min_Stack_Size = 0x400

.isr_vector     0x08000000      0x1c4
                0x08000000                        . = ALIGN (0x4)
 *(.isr_vector)
 .isr_vector    0x08000000      0x1c4 CMakeFiles/Power_Logging_Module_25.dir/startup_stm32f446xx.s.obj
                0x08000000                g_pfnVectors
                0x080001c4                        . = ALIGN (0x4)

.text           0x080001c4     0x4fa4
                0x080001c4                        . = ALIGN (0x4)
 *(.text)
 .text          0x080001c4       0x40 C:/ST/STM32CubeCLT_1.16.0/GNU-tools-for-STM32/bin/../lib/gcc/arm-none-eabi/12.3.1/thumb/v7e-m+fp/hard/crtbegin.o
 .text          0x08000204       0x30 C:/ST/STM32CubeCLT_1.16.0/GNU-tools-for-STM32/bin/../lib/gcc/arm-none-eabi/12.3.1/thumb/v7e-m+fp/hard\libgcc.a(_aeabi_uldivmod.o)
                0x08000204                __aeabi_uldivmod
 .text          0x08000234      0x2bc C:/ST/STM32CubeCLT_1.16.0/GNU-tools-for-STM32/bin/../lib/gcc/arm-none-eabi/12.3.1/thumb/v7e-m+fp/hard\libgcc.a(_udivmoddi4.o)
                0x08000234                __udivmoddi4
 .text          0x080004f0        0x4 C:/ST/STM32CubeCLT_1.16.0/GNU-tools-for-STM32/bin/../lib/gcc/arm-none-eabi/12.3.1/thumb/v7e-m+fp/hard\libgcc.a(_dvmd_tls.o)
                0x080004f0                __aeabi_idiv0
                0x080004f0                __aeabi_ldiv0
 *(.text*)
 .text.memset   0x080004f4       0x10 C:/ST/STM32CubeCLT_1.16.0/GNU-tools-for-STM32/bin/../lib/gcc/arm-none-eabi/12.3.1/../../../../arm-none-eabi/lib/thumb/v7e-m+fp/hard\libc_nano.a(libc_a-memset.o)
                0x080004f4                memset
 .text.__libc_init_array
                0x08000504       0x48 C:/ST/STM32CubeCLT_1.16.0/GNU-tools-for-STM32/bin/../lib/gcc/arm-none-eabi/12.3.1/../../../../arm-none-eabi/lib/thumb/v7e-m+fp/hard\libc_nano.a(libc_a-init.o)
                0x08000504                __libc_init_array
 .text.main     0x0800054c       0x3c CMakeFiles/Power_Logging_Module_25.dir/Core/Src/main.c.obj
                0x0800054c                main
 .text.SystemClock_Config
                0x08000588       0xe0 CMakeFiles/Power_Logging_Module_25.dir/Core/Src/main.c.obj
                0x08000588                SystemClock_Config
 .text.MX_ADC1_Init
                0x08000668       0xa4 CMakeFiles/Power_Logging_Module_25.dir/Core/Src/main.c.obj
 .text.MX_ADC2_Init
                0x0800070c       0xa4 CMakeFiles/Power_Logging_Module_25.dir/Core/Src/main.c.obj
 .text.MX_ADC3_Init
                0x080007b0       0xa4 CMakeFiles/Power_Logging_Module_25.dir/Core/Src/main.c.obj
 .text.MX_CAN1_Init
                0x08000854       0x68 CMakeFiles/Power_Logging_Module_25.dir/Core/Src/main.c.obj
 .text.MX_CAN2_Init
                0x080008bc       0x68 CMakeFiles/Power_Logging_Module_25.dir/Core/Src/main.c.obj
 .text.MX_I2C2_Init
                0x08000924       0x5c CMakeFiles/Power_Logging_Module_25.dir/Core/Src/main.c.obj
 .text.MX_RTC_Init
                0x08000980       0x4c CMakeFiles/Power_Logging_Module_25.dir/Core/Src/main.c.obj
 .text.MX_SDIO_SD_Init
                0x080009cc       0x60 CMakeFiles/Power_Logging_Module_25.dir/Core/Src/main.c.obj
 .text.MX_UART4_Init
                0x08000a2c       0x54 CMakeFiles/Power_Logging_Module_25.dir/Core/Src/main.c.obj
 .text.MX_USART1_UART_Init
                0x08000a80       0x54 CMakeFiles/Power_Logging_Module_25.dir/Core/Src/main.c.obj
 .text.MX_GPIO_Init
                0x08000ad4      0x1dc CMakeFiles/Power_Logging_Module_25.dir/Core/Src/main.c.obj
 .text.Error_Handler
                0x08000cb0        0xc CMakeFiles/Power_Logging_Module_25.dir/Core/Src/main.c.obj
                0x08000cb0                Error_Handler
 .text.NMI_Handler
                0x08000cbc        0x8 CMakeFiles/Power_Logging_Module_25.dir/Core/Src/stm32f4xx_it.c.obj
                0x08000cbc                NMI_Handler
 .text.HardFault_Handler
                0x08000cc4        0x8 CMakeFiles/Power_Logging_Module_25.dir/Core/Src/stm32f4xx_it.c.obj
                0x08000cc4                HardFault_Handler
 .text.MemManage_Handler
                0x08000ccc        0x8 CMakeFiles/Power_Logging_Module_25.dir/Core/Src/stm32f4xx_it.c.obj
                0x08000ccc                MemManage_Handler
 .text.BusFault_Handler
                0x08000cd4        0x8 CMakeFiles/Power_Logging_Module_25.dir/Core/Src/stm32f4xx_it.c.obj
                0x08000cd4                BusFault_Handler
 .text.UsageFault_Handler
                0x08000cdc        0x8 CMakeFiles/Power_Logging_Module_25.dir/Core/Src/stm32f4xx_it.c.obj
                0x08000cdc                UsageFault_Handler
 .text.SVC_Handler
                0x08000ce4        0xe CMakeFiles/Power_Logging_Module_25.dir/Core/Src/stm32f4xx_it.c.obj
                0x08000ce4                SVC_Handler
 .text.DebugMon_Handler
                0x08000cf2        0xe CMakeFiles/Power_Logging_Module_25.dir/Core/Src/stm32f4xx_it.c.obj
                0x08000cf2                DebugMon_Handler
 .text.PendSV_Handler
                0x08000d00        0xe CMakeFiles/Power_Logging_Module_25.dir/Core/Src/stm32f4xx_it.c.obj
                0x08000d00                PendSV_Handler
 .text.SysTick_Handler
                0x08000d0e        0xc CMakeFiles/Power_Logging_Module_25.dir/Core/Src/stm32f4xx_it.c.obj
                0x08000d0e                SysTick_Handler
 *fill*         0x08000d1a        0x2 
 .text.HAL_MspInit
                0x08000d1c       0x50 CMakeFiles/Power_Logging_Module_25.dir/Core/Src/stm32f4xx_hal_msp.c.obj
                0x08000d1c                HAL_MspInit
 .text.HAL_ADC_MspInit
                0x08000d6c      0x184 CMakeFiles/Power_Logging_Module_25.dir/Core/Src/stm32f4xx_hal_msp.c.obj
                0x08000d6c                HAL_ADC_MspInit
 .text.HAL_CAN_MspInit
                0x08000ef0      0x140 CMakeFiles/Power_Logging_Module_25.dir/Core/Src/stm32f4xx_hal_msp.c.obj
                0x08000ef0                HAL_CAN_MspInit
 .text.HAL_I2C_MspInit
                0x08001030       0xd4 CMakeFiles/Power_Logging_Module_25.dir/Core/Src/stm32f4xx_hal_msp.c.obj
                0x08001030                HAL_I2C_MspInit
 .text.HAL_RTC_MspInit
                0x08001104       0x54 CMakeFiles/Power_Logging_Module_25.dir/Core/Src/stm32f4xx_hal_msp.c.obj
                0x08001104                HAL_RTC_MspInit
 .text.HAL_SD_MspInit
                0x08001158      0x14c CMakeFiles/Power_Logging_Module_25.dir/Core/Src/stm32f4xx_hal_msp.c.obj
                0x08001158                HAL_SD_MspInit
 .text.HAL_UART_MspInit
                0x080012a4      0x13c CMakeFiles/Power_Logging_Module_25.dir/Core/Src/stm32f4xx_hal_msp.c.obj
                0x080012a4                HAL_UART_MspInit
 .text.HAL_ADC_Init
                0x080013e0       0x86 CMakeFiles/Power_Logging_Module_25.dir/Drivers/STM32F4xx_HAL_Driver/Src/stm32f4xx_hal_adc.c.obj
                0x080013e0                HAL_ADC_Init
 *fill*         0x08001466        0x2 
 .text.HAL_ADC_ConfigChannel
                0x08001468      0x264 CMakeFiles/Power_Logging_Module_25.dir/Drivers/STM32F4xx_HAL_Driver/Src/stm32f4xx_hal_adc.c.obj
                0x08001468                HAL_ADC_ConfigChannel
 .text.ADC_Init
                0x080016cc      0x1f8 CMakeFiles/Power_Logging_Module_25.dir/Drivers/STM32F4xx_HAL_Driver/Src/stm32f4xx_hal_adc.c.obj
 .text.HAL_RCC_ClockConfig
                0x080018c4      0x1cc CMakeFiles/Power_Logging_Module_25.dir/Drivers/STM32F4xx_HAL_Driver/Src/stm32f4xx_hal_rcc.c.obj
                0x080018c4                HAL_RCC_ClockConfig
 .text.HAL_RCC_GetHCLKFreq
                0x08001a90       0x18 CMakeFiles/Power_Logging_Module_25.dir/Drivers/STM32F4xx_HAL_Driver/Src/stm32f4xx_hal_rcc.c.obj
                0x08001a90                HAL_RCC_GetHCLKFreq
 .text.HAL_RCC_GetPCLK1Freq
                0x08001aa8       0x28 CMakeFiles/Power_Logging_Module_25.dir/Drivers/STM32F4xx_HAL_Driver/Src/stm32f4xx_hal_rcc.c.obj
                0x08001aa8                HAL_RCC_GetPCLK1Freq
 .text.HAL_RCC_GetPCLK2Freq
                0x08001ad0       0x28 CMakeFiles/Power_Logging_Module_25.dir/Drivers/STM32F4xx_HAL_Driver/Src/stm32f4xx_hal_rcc.c.obj
                0x08001ad0                HAL_RCC_GetPCLK2Freq
 .text.HAL_RCCEx_PeriphCLKConfig
                0x08001af8      0x654 CMakeFiles/Power_Logging_Module_25.dir/Drivers/STM32F4xx_HAL_Driver/Src/stm32f4xx_hal_rcc_ex.c.obj
                0x08001af8                HAL_RCCEx_PeriphCLKConfig
 .text.HAL_RCC_GetSysClockFreq
                0x0800214c      0x354 CMakeFiles/Power_Logging_Module_25.dir/Drivers/STM32F4xx_HAL_Driver/Src/stm32f4xx_hal_rcc_ex.c.obj
                0x0800214c                HAL_RCC_GetSysClockFreq
 .text.HAL_RCC_OscConfig
                0x080024a0      0x53c CMakeFiles/Power_Logging_Module_25.dir/Drivers/STM32F4xx_HAL_Driver/Src/stm32f4xx_hal_rcc_ex.c.obj
                0x080024a0                HAL_RCC_OscConfig
 .text.HAL_GPIO_Init
                0x080029dc      0x328 CMakeFiles/Power_Logging_Module_25.dir/Drivers/STM32F4xx_HAL_Driver/Src/stm32f4xx_hal_gpio.c.obj
                0x080029dc                HAL_GPIO_Init
 .text.HAL_GPIO_WritePin
                0x08002d04       0x32 CMakeFiles/Power_Logging_Module_25.dir/Drivers/STM32F4xx_HAL_Driver/Src/stm32f4xx_hal_gpio.c.obj
                0x08002d04                HAL_GPIO_WritePin
 *fill*         0x08002d36        0x2 
 .text.__NVIC_SetPriorityGrouping
                0x08002d38       0x48 CMakeFiles/Power_Logging_Module_25.dir/Drivers/STM32F4xx_HAL_Driver/Src/stm32f4xx_hal_cortex.c.obj
 .text.__NVIC_GetPriorityGrouping
                0x08002d80       0x1c CMakeFiles/Power_Logging_Module_25.dir/Drivers/STM32F4xx_HAL_Driver/Src/stm32f4xx_hal_cortex.c.obj
 .text.__NVIC_SetPriority
                0x08002d9c       0x54 CMakeFiles/Power_Logging_Module_25.dir/Drivers/STM32F4xx_HAL_Driver/Src/stm32f4xx_hal_cortex.c.obj
 .text.NVIC_EncodePriority
                0x08002df0       0x66 CMakeFiles/Power_Logging_Module_25.dir/Drivers/STM32F4xx_HAL_Driver/Src/stm32f4xx_hal_cortex.c.obj
 *fill*         0x08002e56        0x2 
 .text.SysTick_Config
                0x08002e58       0x44 CMakeFiles/Power_Logging_Module_25.dir/Drivers/STM32F4xx_HAL_Driver/Src/stm32f4xx_hal_cortex.c.obj
 .text.HAL_NVIC_SetPriorityGrouping
                0x08002e9c       0x16 CMakeFiles/Power_Logging_Module_25.dir/Drivers/STM32F4xx_HAL_Driver/Src/stm32f4xx_hal_cortex.c.obj
                0x08002e9c                HAL_NVIC_SetPriorityGrouping
 .text.HAL_NVIC_SetPriority
                0x08002eb2       0x38 CMakeFiles/Power_Logging_Module_25.dir/Drivers/STM32F4xx_HAL_Driver/Src/stm32f4xx_hal_cortex.c.obj
                0x08002eb2                HAL_NVIC_SetPriority
 .text.HAL_SYSTICK_Config
                0x08002eea       0x18 CMakeFiles/Power_Logging_Module_25.dir/Drivers/STM32F4xx_HAL_Driver/Src/stm32f4xx_hal_cortex.c.obj
                0x08002eea                HAL_SYSTICK_Config
 *fill*         0x08002f02        0x2 
 .text.HAL_Init
                0x08002f04       0x44 CMakeFiles/Power_Logging_Module_25.dir/Drivers/STM32F4xx_HAL_Driver/Src/stm32f4xx_hal.c.obj
                0x08002f04                HAL_Init
 .text.HAL_InitTick
                0x08002f48       0x60 CMakeFiles/Power_Logging_Module_25.dir/Drivers/STM32F4xx_HAL_Driver/Src/stm32f4xx_hal.c.obj
                0x08002f48                HAL_InitTick
 .text.HAL_IncTick
                0x08002fa8       0x28 CMakeFiles/Power_Logging_Module_25.dir/Drivers/STM32F4xx_HAL_Driver/Src/stm32f4xx_hal.c.obj
                0x08002fa8                HAL_IncTick
 .text.HAL_GetTick
                0x08002fd0       0x18 CMakeFiles/Power_Logging_Module_25.dir/Drivers/STM32F4xx_HAL_Driver/Src/stm32f4xx_hal.c.obj
                0x08002fd0                HAL_GetTick
 .text.HAL_Delay
                0x08002fe8       0x48 CMakeFiles/Power_Logging_Module_25.dir/Drivers/STM32F4xx_HAL_Driver/Src/stm32f4xx_hal.c.obj
                0x08002fe8                HAL_Delay
 .text.HAL_CAN_Init
                0x08003030      0x1f6 CMakeFiles/Power_Logging_Module_25.dir/Drivers/STM32F4xx_HAL_Driver/Src/stm32f4xx_hal_can.c.obj
                0x08003030                HAL_CAN_Init
 *fill*         0x08003226        0x2 
 .text.HAL_I2C_Init
                0x08003228      0x288 CMakeFiles/Power_Logging_Module_25.dir/Drivers/STM32F4xx_HAL_Driver/Src/stm32f4xx_hal_i2c.c.obj
                0x08003228                HAL_I2C_Init
 .text.HAL_RTC_Init
                0x080034b0      0x106 CMakeFiles/Power_Logging_Module_25.dir/Drivers/STM32F4xx_HAL_Driver/Src/stm32f4xx_hal_rtc.c.obj
                0x080034b0                HAL_RTC_Init
 *fill*         0x080035b6        0x2 
 .text.HAL_RTC_WaitForSynchro
                0x080035b8       0x4c CMakeFiles/Power_Logging_Module_25.dir/Drivers/STM32F4xx_HAL_Driver/Src/stm32f4xx_hal_rtc.c.obj
                0x080035b8                HAL_RTC_WaitForSynchro
 .text.RTC_EnterInitMode
                0x08003604       0x6e CMakeFiles/Power_Logging_Module_25.dir/Drivers/STM32F4xx_HAL_Driver/Src/stm32f4xx_hal_rtc.c.obj
                0x08003604                RTC_EnterInitMode
 .text.RTC_ExitInitMode
                0x08003672       0x4a CMakeFiles/Power_Logging_Module_25.dir/Drivers/STM32F4xx_HAL_Driver/Src/stm32f4xx_hal_rtc.c.obj
                0x08003672                RTC_ExitInitMode
 .text.SDIO_Init
                0x080036bc       0x56 CMakeFiles/Power_Logging_Module_25.dir/Drivers/STM32F4xx_HAL_Driver/Src/stm32f4xx_ll_sdmmc.c.obj
                0x080036bc                SDIO_Init
 .text.SDIO_ReadFIFO
                0x08003712       0x1a CMakeFiles/Power_Logging_Module_25.dir/Drivers/STM32F4xx_HAL_Driver/Src/stm32f4xx_ll_sdmmc.c.obj
                0x08003712                SDIO_ReadFIFO
 .text.SDIO_PowerState_ON
                0x0800372c       0x1c CMakeFiles/Power_Logging_Module_25.dir/Drivers/STM32F4xx_HAL_Driver/Src/stm32f4xx_ll_sdmmc.c.obj
                0x0800372c                SDIO_PowerState_ON
 .text.SDIO_GetPowerState
                0x08003748       0x1c CMakeFiles/Power_Logging_Module_25.dir/Drivers/STM32F4xx_HAL_Driver/Src/stm32f4xx_ll_sdmmc.c.obj
                0x08003748                SDIO_GetPowerState
 .text.SDIO_SendCommand
                0x08003764       0x54 CMakeFiles/Power_Logging_Module_25.dir/Drivers/STM32F4xx_HAL_Driver/Src/stm32f4xx_ll_sdmmc.c.obj
                0x08003764                SDIO_SendCommand
 .text.SDIO_GetCommandResponse
                0x080037b8       0x1a CMakeFiles/Power_Logging_Module_25.dir/Drivers/STM32F4xx_HAL_Driver/Src/stm32f4xx_ll_sdmmc.c.obj
                0x080037b8                SDIO_GetCommandResponse
 .text.SDIO_GetResponse
                0x080037d2       0x26 CMakeFiles/Power_Logging_Module_25.dir/Drivers/STM32F4xx_HAL_Driver/Src/stm32f4xx_ll_sdmmc.c.obj
                0x080037d2                SDIO_GetResponse
 .text.SDIO_ConfigData
                0x080037f8       0x58 CMakeFiles/Power_Logging_Module_25.dir/Drivers/STM32F4xx_HAL_Driver/Src/stm32f4xx_ll_sdmmc.c.obj
                0x080037f8                SDIO_ConfigData
 .text.SDMMC_CmdBlockLength
                0x08003850       0x44 CMakeFiles/Power_Logging_Module_25.dir/Drivers/STM32F4xx_HAL_Driver/Src/stm32f4xx_ll_sdmmc.c.obj
                0x08003850                SDMMC_CmdBlockLength
 .text.SDMMC_CmdSelDesel
                0x08003894       0x46 CMakeFiles/Power_Logging_Module_25.dir/Drivers/STM32F4xx_HAL_Driver/Src/stm32f4xx_ll_sdmmc.c.obj
                0x08003894                SDMMC_CmdSelDesel
 .text.SDMMC_CmdGoIdleState
                0x080038da       0x3c CMakeFiles/Power_Logging_Module_25.dir/Drivers/STM32F4xx_HAL_Driver/Src/stm32f4xx_ll_sdmmc.c.obj
                0x080038da                SDMMC_CmdGoIdleState
 .text.SDMMC_CmdOperCond
                0x08003916       0x3e CMakeFiles/Power_Logging_Module_25.dir/Drivers/STM32F4xx_HAL_Driver/Src/stm32f4xx_ll_sdmmc.c.obj
                0x08003916                SDMMC_CmdOperCond
 .text.SDMMC_CmdAppCommand
                0x08003954       0x44 CMakeFiles/Power_Logging_Module_25.dir/Drivers/STM32F4xx_HAL_Driver/Src/stm32f4xx_ll_sdmmc.c.obj
                0x08003954                SDMMC_CmdAppCommand
 .text.SDMMC_CmdAppOperCommand
                0x08003998       0x46 CMakeFiles/Power_Logging_Module_25.dir/Drivers/STM32F4xx_HAL_Driver/Src/stm32f4xx_ll_sdmmc.c.obj
                0x08003998                SDMMC_CmdAppOperCommand
 .text.SDMMC_CmdBusWidth
                0x080039de       0x44 CMakeFiles/Power_Logging_Module_25.dir/Drivers/STM32F4xx_HAL_Driver/Src/stm32f4xx_ll_sdmmc.c.obj
                0x080039de                SDMMC_CmdBusWidth
 .text.SDMMC_CmdSendSCR
                0x08003a22       0x42 CMakeFiles/Power_Logging_Module_25.dir/Drivers/STM32F4xx_HAL_Driver/Src/stm32f4xx_ll_sdmmc.c.obj
                0x08003a22                SDMMC_CmdSendSCR
 .text.SDMMC_CmdSendCID
                0x08003a64       0x3c CMakeFiles/Power_Logging_Module_25.dir/Drivers/STM32F4xx_HAL_Driver/Src/stm32f4xx_ll_sdmmc.c.obj
                0x08003a64                SDMMC_CmdSendCID
 .text.SDMMC_CmdSendCSD
                0x08003aa0       0x3e CMakeFiles/Power_Logging_Module_25.dir/Drivers/STM32F4xx_HAL_Driver/Src/stm32f4xx_ll_sdmmc.c.obj
                0x08003aa0                SDMMC_CmdSendCSD
 .text.SDMMC_CmdSetRelAdd
                0x08003ade       0x42 CMakeFiles/Power_Logging_Module_25.dir/Drivers/STM32F4xx_HAL_Driver/Src/stm32f4xx_ll_sdmmc.c.obj
                0x08003ade                SDMMC_CmdSetRelAdd
 .text.SDMMC_GetCmdResp1
                0x08003b20      0x1dc CMakeFiles/Power_Logging_Module_25.dir/Drivers/STM32F4xx_HAL_Driver/Src/stm32f4xx_ll_sdmmc.c.obj
                0x08003b20                SDMMC_GetCmdResp1
 .text.SDMMC_GetCmdResp2
                0x08003cfc       0x90 CMakeFiles/Power_Logging_Module_25.dir/Drivers/STM32F4xx_HAL_Driver/Src/stm32f4xx_ll_sdmmc.c.obj
                0x08003cfc                SDMMC_GetCmdResp2
 .text.SDMMC_GetCmdResp3
                0x08003d8c       0x7c CMakeFiles/Power_Logging_Module_25.dir/Drivers/STM32F4xx_HAL_Driver/Src/stm32f4xx_ll_sdmmc.c.obj
                0x08003d8c                SDMMC_GetCmdResp3
 .text.SDMMC_GetCmdResp6
                0x08003e08       0xec CMakeFiles/Power_Logging_Module_25.dir/Drivers/STM32F4xx_HAL_Driver/Src/stm32f4xx_ll_sdmmc.c.obj
                0x08003e08                SDMMC_GetCmdResp6
 .text.SDMMC_GetCmdResp7
                0x08003ef4       0x9c CMakeFiles/Power_Logging_Module_25.dir/Drivers/STM32F4xx_HAL_Driver/Src/stm32f4xx_ll_sdmmc.c.obj
                0x08003ef4                SDMMC_GetCmdResp7
 .text.SDMMC_GetCmdError
                0x08003f90       0x58 CMakeFiles/Power_Logging_Module_25.dir/Drivers/STM32F4xx_HAL_Driver/Src/stm32f4xx_ll_sdmmc.c.obj
 .text.HAL_SD_Init
                0x08003fe8       0x60 CMakeFiles/Power_Logging_Module_25.dir/Drivers/STM32F4xx_HAL_Driver/Src/stm32f4xx_hal_sd.c.obj
                0x08003fe8                HAL_SD_Init
 .text.HAL_SD_InitCard
                0x08004048      0x100 CMakeFiles/Power_Logging_Module_25.dir/Drivers/STM32F4xx_HAL_Driver/Src/stm32f4xx_hal_sd.c.obj
                0x08004048                HAL_SD_InitCard
 .text.HAL_SD_GetCardCSD
                0x08004148      0x348 CMakeFiles/Power_Logging_Module_25.dir/Drivers/STM32F4xx_HAL_Driver/Src/stm32f4xx_hal_sd.c.obj
                0x08004148                HAL_SD_GetCardCSD
 .text.HAL_SD_ConfigWideBusOperation
                0x08004490      0x134 CMakeFiles/Power_Logging_Module_25.dir/Drivers/STM32F4xx_HAL_Driver/Src/stm32f4xx_hal_sd.c.obj
                0x08004490                HAL_SD_ConfigWideBusOperation
 .text.SD_InitCard
                0x080045c4      0x19c CMakeFiles/Power_Logging_Module_25.dir/Drivers/STM32F4xx_HAL_Driver/Src/stm32f4xx_hal_sd.c.obj
 .text.SD_PowerON
                0x08004760      0x11c CMakeFiles/Power_Logging_Module_25.dir/Drivers/STM32F4xx_HAL_Driver/Src/stm32f4xx_hal_sd.c.obj
 .text.SD_WideBus_Enable
                0x0800487c       0x96 CMakeFiles/Power_Logging_Module_25.dir/Drivers/STM32F4xx_HAL_Driver/Src/stm32f4xx_hal_sd.c.obj
 .text.SD_WideBus_Disable
                0x08004912       0x96 CMakeFiles/Power_Logging_Module_25.dir/Drivers/STM32F4xx_HAL_Driver/Src/stm32f4xx_hal_sd.c.obj
 .text.SD_FindSCR
                0x080049a8      0x1a6 CMakeFiles/Power_Logging_Module_25.dir/Drivers/STM32F4xx_HAL_Driver/Src/stm32f4xx_hal_sd.c.obj
 .text.HAL_UART_Init
                0x08004b4e       0xa0 CMakeFiles/Power_Logging_Module_25.dir/Drivers/STM32F4xx_HAL_Driver/Src/stm32f4xx_hal_uart.c.obj
                0x08004b4e                HAL_UART_Init
 *fill*         0x08004bee        0x2 
 .text.UART_SetConfig
                0x08004bf0      0x4e8 CMakeFiles/Power_Logging_Module_25.dir/Drivers/STM32F4xx_HAL_Driver/Src/stm32f4xx_hal_uart.c.obj
 .text.SystemInit
                0x080050d8       0x24 CMakeFiles/Power_Logging_Module_25.dir/Core/Src/system_stm32f4xx.c.obj
                0x080050d8                SystemInit
 .text.Reset_Handler
                0x080050fc       0x50 CMakeFiles/Power_Logging_Module_25.dir/startup_stm32f446xx.s.obj
                0x080050fc                Reset_Handler
 .text.Default_Handler
                0x0800514c        0x2 CMakeFiles/Power_Logging_Module_25.dir/startup_stm32f446xx.s.obj
                0x0800514c                RTC_Alarm_IRQHandler
                0x0800514c                EXTI2_IRQHandler
                0x0800514c                TIM8_CC_IRQHandler
                0x0800514c                FMPI2C1_EV_IRQHandler
                0x0800514c                SPI4_IRQHandler
                0x0800514c                TIM1_CC_IRQHandler
                0x0800514c                DMA2_Stream5_IRQHandler
                0x0800514c                DMA1_Stream5_IRQHandler
                0x0800514c                PVD_IRQHandler
                0x0800514c                SDIO_IRQHandler
                0x0800514c                TAMP_STAMP_IRQHandler
                0x0800514c                CAN2_RX1_IRQHandler
                0x0800514c                EXTI3_IRQHandler
                0x0800514c                TIM8_TRG_COM_TIM14_IRQHandler
                0x0800514c                TIM1_UP_TIM10_IRQHandler
                0x0800514c                TIM8_UP_TIM13_IRQHandler
                0x0800514c                I2C3_ER_IRQHandler
                0x0800514c                EXTI0_IRQHandler
                0x0800514c                I2C2_EV_IRQHandler
                0x0800514c                DMA1_Stream2_IRQHandler
                0x0800514c                CAN1_RX0_IRQHandler
                0x0800514c                FPU_IRQHandler
                0x0800514c                OTG_HS_WKUP_IRQHandler
                0x0800514c                CAN2_SCE_IRQHandler
                0x0800514c                DMA2_Stream2_IRQHandler
                0x0800514c                SPI1_IRQHandler
                0x0800514c                TIM6_DAC_IRQHandler
                0x0800514c                TIM1_BRK_TIM9_IRQHandler
                0x0800514c                DCMI_IRQHandler
                0x0800514c                CAN2_RX0_IRQHandler
                0x0800514c                DMA2_Stream3_IRQHandler
                0x0800514c                SAI2_IRQHandler
                0x0800514c                USART6_IRQHandler
                0x0800514c                USART3_IRQHandler
                0x0800514c                CAN1_RX1_IRQHandler
                0x0800514c                UART5_IRQHandler
                0x0800514c                DMA2_Stream0_IRQHandler
                0x0800514c                TIM4_IRQHandler
                0x0800514c                QUADSPI_IRQHandler
                0x0800514c                I2C1_EV_IRQHandler
                0x0800514c                DMA1_Stream6_IRQHandler
                0x0800514c                DMA1_Stream1_IRQHandler
                0x0800514c                UART4_IRQHandler
                0x0800514c                TIM3_IRQHandler
                0x0800514c                RCC_IRQHandler
                0x0800514c                TIM8_BRK_TIM12_IRQHandler
                0x0800514c                Default_Handler
                0x0800514c                CEC_IRQHandler
                0x0800514c                EXTI15_10_IRQHandler
                0x0800514c                ADC_IRQHandler
                0x0800514c                DMA1_Stream7_IRQHandler
                0x0800514c                TIM7_IRQHandler
                0x0800514c                CAN2_TX_IRQHandler
                0x0800514c                TIM5_IRQHandler
                0x0800514c                DMA2_Stream7_IRQHandler
                0x0800514c                I2C3_EV_IRQHandler
                0x0800514c                EXTI9_5_IRQHandler
                0x0800514c                RTC_WKUP_IRQHandler
                0x0800514c                SPDIF_RX_IRQHandler
                0x0800514c                SPI2_IRQHandler
                0x0800514c                OTG_HS_EP1_IN_IRQHandler
                0x0800514c                DMA1_Stream0_IRQHandler
                0x0800514c                CAN1_TX_IRQHandler
                0x0800514c                FMPI2C1_ER_IRQHandler
                0x0800514c                EXTI4_IRQHandler
                0x0800514c                OTG_HS_EP1_OUT_IRQHandler
                0x0800514c                WWDG_IRQHandler
                0x0800514c                TIM2_IRQHandler
                0x0800514c                OTG_FS_WKUP_IRQHandler
                0x0800514c                TIM1_TRG_COM_TIM11_IRQHandler
                0x0800514c                OTG_HS_IRQHandler
                0x0800514c                EXTI1_IRQHandler
                0x0800514c                USART2_IRQHandler
                0x0800514c                I2C2_ER_IRQHandler
                0x0800514c                DMA2_Stream1_IRQHandler
                0x0800514c                CAN1_SCE_IRQHandler
                0x0800514c                FLASH_IRQHandler
                0x0800514c                DMA2_Stream4_IRQHandler
                0x0800514c                USART1_IRQHandler
                0x0800514c                OTG_FS_IRQHandler
                0x0800514c                SPI3_IRQHandler
                0x0800514c                DMA1_Stream4_IRQHandler
                0x0800514c                I2C1_ER_IRQHandler
                0x0800514c                FMC_IRQHandler
                0x0800514c                DMA2_Stream6_IRQHandler
                0x0800514c                SAI1_IRQHandler
                0x0800514c                DMA1_Stream3_IRQHandler
 *(.glue_7)
 .glue_7        0x0800514e        0x0 linker stubs
 *(.glue_7t)
 .glue_7t       0x0800514e        0x0 linker stubs
 *(.eh_frame)
 *fill*         0x0800514e        0x2 
 .eh_frame      0x08005150        0x0 C:/ST/STM32CubeCLT_1.16.0/GNU-tools-for-STM32/bin/../lib/gcc/arm-none-eabi/12.3.1/thumb/v7e-m+fp/hard/crtbegin.o
 *(.init)
 .init          0x08005150        0x4 C:/ST/STM32CubeCLT_1.16.0/GNU-tools-for-STM32/bin/../lib/gcc/arm-none-eabi/12.3.1/thumb/v7e-m+fp/hard/crti.o
                0x08005150                _init
 .init          0x08005154        0x8 C:/ST/STM32CubeCLT_1.16.0/GNU-tools-for-STM32/bin/../lib/gcc/arm-none-eabi/12.3.1/thumb/v7e-m+fp/hard/crtn.o
 *(.fini)
 .fini          0x0800515c        0x4 C:/ST/STM32CubeCLT_1.16.0/GNU-tools-for-STM32/bin/../lib/gcc/arm-none-eabi/12.3.1/thumb/v7e-m+fp/hard/crti.o
                0x0800515c                _fini
 .fini          0x08005160        0x8 C:/ST/STM32CubeCLT_1.16.0/GNU-tools-for-STM32/bin/../lib/gcc/arm-none-eabi/12.3.1/thumb/v7e-m+fp/hard/crtn.o
                0x08005168                        . = ALIGN (0x4)
                0x08005168                        _etext = .

.vfp11_veneer   0x08005168        0x0
 .vfp11_veneer  0x08005168        0x0 linker stubs

.v4_bx          0x08005168        0x0
 .v4_bx         0x08005168        0x0 linker stubs

.iplt           0x08005168        0x0
 .iplt          0x08005168        0x0 C:/ST/STM32CubeCLT_1.16.0/GNU-tools-for-STM32/bin/../lib/gcc/arm-none-eabi/12.3.1/thumb/v7e-m+fp/hard/crtbegin.o

.rodata         0x08005168       0x18
                0x08005168                        . = ALIGN (0x4)
 *(.rodata)
 *(.rodata*)
 .rodata.AHBPrescTable
                0x08005168       0x10 CMakeFiles/Power_Logging_Module_25.dir/Core/Src/system_stm32f4xx.c.obj
                0x08005168                AHBPrescTable
 .rodata.APBPrescTable
                0x08005178        0x8 CMakeFiles/Power_Logging_Module_25.dir/Core/Src/system_stm32f4xx.c.obj
                0x08005178                APBPrescTable
                0x08005180                        . = ALIGN (0x4)

.ARM.extab
 *(.ARM.extab* .gnu.linkonce.armextab.*)

.ARM            0x08005180        0x8
                0x08005180                        __exidx_start = .
 *(.ARM.exidx*)
 .ARM.exidx     0x08005180        0x8 C:/ST/STM32CubeCLT_1.16.0/GNU-tools-for-STM32/bin/../lib/gcc/arm-none-eabi/12.3.1/thumb/v7e-m+fp/hard\libgcc.a(_udivmoddi4.o)
                0x08005188                        __exidx_end = .

.rel.dyn        0x08005188        0x0
 .rel.iplt      0x08005188        0x0 C:/ST/STM32CubeCLT_1.16.0/GNU-tools-for-STM32/bin/../lib/gcc/arm-none-eabi/12.3.1/thumb/v7e-m+fp/hard/crtbegin.o

.preinit_array  0x08005188        0x0
                0x08005188                        PROVIDE (__preinit_array_start = .)
 *(.preinit_array*)
                0x08005188                        PROVIDE (__preinit_array_end = .)

.init_array     0x08005188        0x4
                0x08005188                        PROVIDE (__init_array_start = .)
 *(SORT_BY_NAME(.init_array.*))
 *(.init_array*)
 .init_array    0x08005188        0x4 C:/ST/STM32CubeCLT_1.16.0/GNU-tools-for-STM32/bin/../lib/gcc/arm-none-eabi/12.3.1/thumb/v7e-m+fp/hard/crtbegin.o
                0x0800518c                        PROVIDE (__init_array_end = .)

.fini_array     0x0800518c        0x4
                [!provide]                        PROVIDE (__fini_array_start = .)
 *(SORT_BY_NAME(.fini_array.*))
 *(.fini_array*)
 .fini_array    0x0800518c        0x4 C:/ST/STM32CubeCLT_1.16.0/GNU-tools-for-STM32/bin/../lib/gcc/arm-none-eabi/12.3.1/thumb/v7e-m+fp/hard/crtbegin.o
                [!provide]                        PROVIDE (__fini_array_end = .)
                0x08005190                        _sidata = LOADADDR (.data)

.data           0x20000000        0xc load address 0x08005190
                0x20000000                        . = ALIGN (0x4)
                0x20000000                        _sdata = .
 *(.data)
 *(.data*)
 .data.uwTickPrio
                0x20000000        0x4 CMakeFiles/Power_Logging_Module_25.dir/Drivers/STM32F4xx_HAL_Driver/Src/stm32f4xx_hal.c.obj
                0x20000000                uwTickPrio
 .data.uwTickFreq
                0x20000004        0x1 CMakeFiles/Power_Logging_Module_25.dir/Drivers/STM32F4xx_HAL_Driver/Src/stm32f4xx_hal.c.obj
                0x20000004                uwTickFreq
 *fill*         0x20000005        0x3 
 .data.SystemCoreClock
                0x20000008        0x4 CMakeFiles/Power_Logging_Module_25.dir/Core/Src/system_stm32f4xx.c.obj
                0x20000008                SystemCoreClock
                0x2000000c                        . = ALIGN (0x4)
                0x2000000c                        _edata = .

.igot.plt       0x2000000c        0x0 load address 0x0800519c
 .igot.plt      0x2000000c        0x0 C:/ST/STM32CubeCLT_1.16.0/GNU-tools-for-STM32/bin/../lib/gcc/arm-none-eabi/12.3.1/thumb/v7e-m+fp/hard/crtbegin.o
                0x2000000c                        . = ALIGN (0x4)

.bss            0x2000000c      0x2d4 load address 0x0800519c
                0x2000000c                        _sbss = .
                0x2000000c                        __bss_start__ = _sbss
 *(.bss)
 .bss           0x2000000c       0x1c C:/ST/STM32CubeCLT_1.16.0/GNU-tools-for-STM32/bin/../lib/gcc/arm-none-eabi/12.3.1/thumb/v7e-m+fp/hard/crtbegin.o
 *(.bss*)
 .bss.hadc1     0x20000028       0x48 CMakeFiles/Power_Logging_Module_25.dir/Core/Src/main.c.obj
                0x20000028                hadc1
 .bss.hadc2     0x20000070       0x48 CMakeFiles/Power_Logging_Module_25.dir/Core/Src/main.c.obj
                0x20000070                hadc2
 .bss.hadc3     0x200000b8       0x48 CMakeFiles/Power_Logging_Module_25.dir/Core/Src/main.c.obj
                0x200000b8                hadc3
 .bss.hcan1     0x20000100       0x28 CMakeFiles/Power_Logging_Module_25.dir/Core/Src/main.c.obj
                0x20000100                hcan1
 .bss.hcan2     0x20000128       0x28 CMakeFiles/Power_Logging_Module_25.dir/Core/Src/main.c.obj
                0x20000128                hcan2
 .bss.hi2c2     0x20000150       0x54 CMakeFiles/Power_Logging_Module_25.dir/Core/Src/main.c.obj
                0x20000150                hi2c2
 .bss.hrtc      0x200001a4       0x20 CMakeFiles/Power_Logging_Module_25.dir/Core/Src/main.c.obj
                0x200001a4                hrtc
 .bss.hsd       0x200001c4       0x84 CMakeFiles/Power_Logging_Module_25.dir/Core/Src/main.c.obj
                0x200001c4                hsd
 .bss.huart4    0x20000248       0x48 CMakeFiles/Power_Logging_Module_25.dir/Core/Src/main.c.obj
                0x20000248                huart4
 .bss.huart1    0x20000290       0x48 CMakeFiles/Power_Logging_Module_25.dir/Core/Src/main.c.obj
                0x20000290                huart1
 .bss.HAL_RCC_CAN1_CLK_ENABLED
                0x200002d8        0x4 CMakeFiles/Power_Logging_Module_25.dir/Core/Src/stm32f4xx_hal_msp.c.obj
 .bss.uwTick    0x200002dc        0x4 CMakeFiles/Power_Logging_Module_25.dir/Drivers/STM32F4xx_HAL_Driver/Src/stm32f4xx_hal.c.obj
                0x200002dc                uwTick
 *(COMMON)
                0x200002e0                        . = ALIGN (0x4)
                0x200002e0                        _ebss = .
                0x200002e0                        __bss_end__ = _ebss

._user_heap_stack
                0x200002e0      0x600 load address 0x0800519c
                0x200002e0                        . = ALIGN (0x8)
                [!provide]                        PROVIDE (end = .)
                0x200002e0                        PROVIDE (_end = .)
                0x200004e0                        . = (. + _Min_Heap_Size)
 *fill*         0x200002e0      0x200 
                0x200008e0                        . = (. + _Min_Stack_Size)
 *fill*         0x200004e0      0x400 
                0x200008e0                        . = ALIGN (0x8)

/DISCARD/
 libc.a(*)
 libm.a(*)
 libgcc.a(*)

.ARM.attributes
                0x00000000       0x30
 *(.ARM.attributes)
 .ARM.attributes
                0x00000000       0x22 C:/ST/STM32CubeCLT_1.16.0/GNU-tools-for-STM32/bin/../lib/gcc/arm-none-eabi/12.3.1/thumb/v7e-m+fp/hard/crti.o
 .ARM.attributes
                0x00000022       0x34 C:/ST/STM32CubeCLT_1.16.0/GNU-tools-for-STM32/bin/../lib/gcc/arm-none-eabi/12.3.1/thumb/v7e-m+fp/hard/crtbegin.o
 .ARM.attributes
                0x00000056       0x34 C:/ST/STM32CubeCLT_1.16.0/GNU-tools-for-STM32/bin/../lib/gcc/arm-none-eabi/12.3.1/../../../../arm-none-eabi/lib/thumb/v7e-m+fp/hard\libc_nano.a(libc_a-memset.o)
 .ARM.attributes
                0x0000008a       0x34 C:/ST/STM32CubeCLT_1.16.0/GNU-tools-for-STM32/bin/../lib/gcc/arm-none-eabi/12.3.1/../../../../arm-none-eabi/lib/thumb/v7e-m+fp/hard\libc_nano.a(libc_a-init.o)
 .ARM.attributes
                0x000000be       0x34 CMakeFiles/Power_Logging_Module_25.dir/Core/Src/main.c.obj
 .ARM.attributes
                0x000000f2       0x34 CMakeFiles/Power_Logging_Module_25.dir/Core/Src/stm32f4xx_it.c.obj
 .ARM.attributes
                0x00000126       0x34 CMakeFiles/Power_Logging_Module_25.dir/Core/Src/stm32f4xx_hal_msp.c.obj
 .ARM.attributes
                0x0000015a       0x34 CMakeFiles/Power_Logging_Module_25.dir/Drivers/STM32F4xx_HAL_Driver/Src/stm32f4xx_hal_adc.c.obj
 .ARM.attributes
                0x0000018e       0x34 CMakeFiles/Power_Logging_Module_25.dir/Drivers/STM32F4xx_HAL_Driver/Src/stm32f4xx_hal_rcc.c.obj
 .ARM.attributes
                0x000001c2       0x34 CMakeFiles/Power_Logging_Module_25.dir/Drivers/STM32F4xx_HAL_Driver/Src/stm32f4xx_hal_rcc_ex.c.obj
 .ARM.attributes
                0x000001f6       0x34 CMakeFiles/Power_Logging_Module_25.dir/Drivers/STM32F4xx_HAL_Driver/Src/stm32f4xx_hal_gpio.c.obj
 .ARM.attributes
                0x0000022a       0x34 CMakeFiles/Power_Logging_Module_25.dir/Drivers/STM32F4xx_HAL_Driver/Src/stm32f4xx_hal_cortex.c.obj
 .ARM.attributes
                0x0000025e       0x34 CMakeFiles/Power_Logging_Module_25.dir/Drivers/STM32F4xx_HAL_Driver/Src/stm32f4xx_hal.c.obj
 .ARM.attributes
                0x00000292       0x34 CMakeFiles/Power_Logging_Module_25.dir/Drivers/STM32F4xx_HAL_Driver/Src/stm32f4xx_hal_can.c.obj
 .ARM.attributes
                0x000002c6       0x34 CMakeFiles/Power_Logging_Module_25.dir/Drivers/STM32F4xx_HAL_Driver/Src/stm32f4xx_hal_i2c.c.obj
 .ARM.attributes
                0x000002fa       0x34 CMakeFiles/Power_Logging_Module_25.dir/Drivers/STM32F4xx_HAL_Driver/Src/stm32f4xx_hal_rtc.c.obj
 .ARM.attributes
                0x0000032e       0x34 CMakeFiles/Power_Logging_Module_25.dir/Drivers/STM32F4xx_HAL_Driver/Src/stm32f4xx_ll_sdmmc.c.obj
 .ARM.attributes
                0x00000362       0x34 CMakeFiles/Power_Logging_Module_25.dir/Drivers/STM32F4xx_HAL_Driver/Src/stm32f4xx_hal_sd.c.obj
 .ARM.attributes
                0x00000396       0x34 CMakeFiles/Power_Logging_Module_25.dir/Drivers/STM32F4xx_HAL_Driver/Src/stm32f4xx_hal_uart.c.obj
 .ARM.attributes
                0x000003ca       0x34 CMakeFiles/Power_Logging_Module_25.dir/Core/Src/system_stm32f4xx.c.obj
 .ARM.attributes
                0x000003fe       0x21 CMakeFiles/Power_Logging_Module_25.dir/startup_stm32f446xx.s.obj
 .ARM.attributes
                0x0000041f       0x22 C:/ST/STM32CubeCLT_1.16.0/GNU-tools-for-STM32/bin/../lib/gcc/arm-none-eabi/12.3.1/thumb/v7e-m+fp/hard\libgcc.a(_aeabi_uldivmod.o)
 .ARM.attributes
                0x00000441       0x34 C:/ST/STM32CubeCLT_1.16.0/GNU-tools-for-STM32/bin/../lib/gcc/arm-none-eabi/12.3.1/thumb/v7e-m+fp/hard\libgcc.a(_udivmoddi4.o)
 .ARM.attributes
                0x00000475       0x22 C:/ST/STM32CubeCLT_1.16.0/GNU-tools-for-STM32/bin/../lib/gcc/arm-none-eabi/12.3.1/thumb/v7e-m+fp/hard\libgcc.a(_dvmd_tls.o)
 .ARM.attributes
                0x00000497       0x22 C:/ST/STM32CubeCLT_1.16.0/GNU-tools-for-STM32/bin/../lib/gcc/arm-none-eabi/12.3.1/thumb/v7e-m+fp/hard/crtn.o
OUTPUT(Power_Logging_Module_25.elf elf32-littlearm)
LOAD linker stubs
LOAD C:/ST/STM32CubeCLT_1.16.0/GNU-tools-for-STM32/bin/../lib/gcc/arm-none-eabi/12.3.1/../../../../arm-none-eabi/lib/thumb/v7e-m+fp/hard\libc.a
LOAD C:/ST/STM32CubeCLT_1.16.0/GNU-tools-for-STM32/bin/../lib/gcc/arm-none-eabi/12.3.1/../../../../arm-none-eabi/lib/thumb/v7e-m+fp/hard\libm.a
LOAD C:/ST/STM32CubeCLT_1.16.0/GNU-tools-for-STM32/bin/../lib/gcc/arm-none-eabi/12.3.1/thumb/v7e-m+fp/hard\libgcc.a

.debug_frame    0x00000000     0x43e0
 .debug_frame   0x00000000       0x20 C:/ST/STM32CubeCLT_1.16.0/GNU-tools-for-STM32/bin/../lib/gcc/arm-none-eabi/12.3.1/../../../../arm-none-eabi/lib/thumb/v7e-m+fp/hard\libc_nano.a(libc_a-memset.o)
 .debug_frame   0x00000020       0x2c C:/ST/STM32CubeCLT_1.16.0/GNU-tools-for-STM32/bin/../lib/gcc/arm-none-eabi/12.3.1/../../../../arm-none-eabi/lib/thumb/v7e-m+fp/hard\libc_nano.a(libc_a-init.o)
 .debug_frame   0x0000004c      0x1bc CMakeFiles/Power_Logging_Module_25.dir/Core/Src/main.c.obj
 .debug_frame   0x00000208      0x104 CMakeFiles/Power_Logging_Module_25.dir/Core/Src/stm32f4xx_it.c.obj
 .debug_frame   0x0000030c      0x1f0 CMakeFiles/Power_Logging_Module_25.dir/Core/Src/stm32f4xx_hal_msp.c.obj
 .debug_frame   0x000004fc      0x3fc CMakeFiles/Power_Logging_Module_25.dir/Drivers/STM32F4xx_HAL_Driver/Src/stm32f4xx_hal_adc.c.obj
 .debug_frame   0x000008f8      0x1f4 CMakeFiles/Power_Logging_Module_25.dir/Drivers/STM32F4xx_HAL_Driver/Src/stm32f4xx_hal_rcc.c.obj
 .debug_frame   0x00000aec      0x1e8 CMakeFiles/Power_Logging_Module_25.dir/Drivers/STM32F4xx_HAL_Driver/Src/stm32f4xx_hal_rcc_ex.c.obj
 .debug_frame   0x00000cd4      0x14c CMakeFiles/Power_Logging_Module_25.dir/Drivers/STM32F4xx_HAL_Driver/Src/stm32f4xx_hal_gpio.c.obj
 .debug_frame   0x00000e20      0x508 CMakeFiles/Power_Logging_Module_25.dir/Drivers/STM32F4xx_HAL_Driver/Src/stm32f4xx_hal_cortex.c.obj
 .debug_frame   0x00001328      0x374 CMakeFiles/Power_Logging_Module_25.dir/Drivers/STM32F4xx_HAL_Driver/Src/stm32f4xx_hal.c.obj
 .debug_frame   0x0000169c      0x5a0 CMakeFiles/Power_Logging_Module_25.dir/Drivers/STM32F4xx_HAL_Driver/Src/stm32f4xx_hal_can.c.obj
 .debug_frame   0x00001c3c      0xc84 CMakeFiles/Power_Logging_Module_25.dir/Drivers/STM32F4xx_HAL_Driver/Src/stm32f4xx_hal_i2c.c.obj
 .debug_frame   0x000028c0      0x3f4 CMakeFiles/Power_Logging_Module_25.dir/Drivers/STM32F4xx_HAL_Driver/Src/stm32f4xx_hal_rtc.c.obj
 .debug_frame   0x00002cb4      0x6d0 CMakeFiles/Power_Logging_Module_25.dir/Drivers/STM32F4xx_HAL_Driver/Src/stm32f4xx_ll_sdmmc.c.obj
 .debug_frame   0x00003384      0x650 CMakeFiles/Power_Logging_Module_25.dir/Drivers/STM32F4xx_HAL_Driver/Src/stm32f4xx_hal_sd.c.obj
 .debug_frame   0x000039d4      0x954 CMakeFiles/Power_Logging_Module_25.dir/Drivers/STM32F4xx_HAL_Driver/Src/stm32f4xx_hal_uart.c.obj
 .debug_frame   0x00004328       0x58 CMakeFiles/Power_Logging_Module_25.dir/Core/Src/system_stm32f4xx.c.obj
 .debug_frame   0x00004380       0x2c C:/ST/STM32CubeCLT_1.16.0/GNU-tools-for-STM32/bin/../lib/gcc/arm-none-eabi/12.3.1/thumb/v7e-m+fp/hard\libgcc.a(_aeabi_uldivmod.o)
 .debug_frame   0x000043ac       0x34 C:/ST/STM32CubeCLT_1.16.0/GNU-tools-for-STM32/bin/../lib/gcc/arm-none-eabi/12.3.1/thumb/v7e-m+fp/hard\libgcc.a(_udivmoddi4.o)

.debug_info     0x00000000    0x11b84
 .debug_info    0x00000000     0x1d8d CMakeFiles/Power_Logging_Module_25.dir/Core/Src/main.c.obj
 .debug_info    0x00001d8d      0x112 CMakeFiles/Power_Logging_Module_25.dir/Core/Src/stm32f4xx_it.c.obj
 .debug_info    0x00001e9f     0x1e65 CMakeFiles/Power_Logging_Module_25.dir/Core/Src/stm32f4xx_hal_msp.c.obj
 .debug_info    0x00003d04      0xcd4 CMakeFiles/Power_Logging_Module_25.dir/Drivers/STM32F4xx_HAL_Driver/Src/stm32f4xx_hal_adc.c.obj
 .debug_info    0x000049d8      0x8eb CMakeFiles/Power_Logging_Module_25.dir/Drivers/STM32F4xx_HAL_Driver/Src/stm32f4xx_hal_rcc.c.obj
 .debug_info    0x000052c3      0x956 CMakeFiles/Power_Logging_Module_25.dir/Drivers/STM32F4xx_HAL_Driver/Src/stm32f4xx_hal_rcc_ex.c.obj
 .debug_info    0x00005c19      0x70b CMakeFiles/Power_Logging_Module_25.dir/Drivers/STM32F4xx_HAL_Driver/Src/stm32f4xx_hal_gpio.c.obj
 .debug_info    0x00006324      0xdaa CMakeFiles/Power_Logging_Module_25.dir/Drivers/STM32F4xx_HAL_Driver/Src/stm32f4xx_hal_cortex.c.obj
 .debug_info    0x000070ce      0x99a CMakeFiles/Power_Logging_Module_25.dir/Drivers/STM32F4xx_HAL_Driver/Src/stm32f4xx_hal.c.obj
 .debug_info    0x00007a68      0xf44 CMakeFiles/Power_Logging_Module_25.dir/Drivers/STM32F4xx_HAL_Driver/Src/stm32f4xx_hal_can.c.obj
 .debug_info    0x000089ac     0x2421 CMakeFiles/Power_Logging_Module_25.dir/Drivers/STM32F4xx_HAL_Driver/Src/stm32f4xx_hal_i2c.c.obj
 .debug_info    0x0000adcd      0xc20 CMakeFiles/Power_Logging_Module_25.dir/Drivers/STM32F4xx_HAL_Driver/Src/stm32f4xx_hal_rtc.c.obj
 .debug_info    0x0000b9ed     0x10c4 CMakeFiles/Power_Logging_Module_25.dir/Drivers/STM32F4xx_HAL_Driver/Src/stm32f4xx_ll_sdmmc.c.obj
 .debug_info    0x0000cab1     0x1c0a CMakeFiles/Power_Logging_Module_25.dir/Drivers/STM32F4xx_HAL_Driver/Src/stm32f4xx_hal_sd.c.obj
 .debug_info    0x0000e6bb     0x2f4f CMakeFiles/Power_Logging_Module_25.dir/Drivers/STM32F4xx_HAL_Driver/Src/stm32f4xx_hal_uart.c.obj
 .debug_info    0x0001160a      0x54a CMakeFiles/Power_Logging_Module_25.dir/Core/Src/system_stm32f4xx.c.obj
 .debug_info    0x00011b54       0x30 CMakeFiles/Power_Logging_Module_25.dir/startup_stm32f446xx.s.obj

.debug_abbrev   0x00000000     0x236a
 .debug_abbrev  0x00000000      0x2bc CMakeFiles/Power_Logging_Module_25.dir/Core/Src/main.c.obj
 .debug_abbrev  0x000002bc       0x73 CMakeFiles/Power_Logging_Module_25.dir/Core/Src/stm32f4xx_it.c.obj
 .debug_abbrev  0x0000032f      0x275 CMakeFiles/Power_Logging_Module_25.dir/Core/Src/stm32f4xx_hal_msp.c.obj
 .debug_abbrev  0x000005a4      0x252 CMakeFiles/Power_Logging_Module_25.dir/Drivers/STM32F4xx_HAL_Driver/Src/stm32f4xx_hal_adc.c.obj
 .debug_abbrev  0x000007f6      0x2b7 CMakeFiles/Power_Logging_Module_25.dir/Drivers/STM32F4xx_HAL_Driver/Src/stm32f4xx_hal_rcc.c.obj
 .debug_abbrev  0x00000aad      0x20a CMakeFiles/Power_Logging_Module_25.dir/Drivers/STM32F4xx_HAL_Driver/Src/stm32f4xx_hal_rcc_ex.c.obj
 .debug_abbrev  0x00000cb7      0x1d4 CMakeFiles/Power_Logging_Module_25.dir/Drivers/STM32F4xx_HAL_Driver/Src/stm32f4xx_hal_gpio.c.obj
 .debug_abbrev  0x00000e8b      0x31d CMakeFiles/Power_Logging_Module_25.dir/Drivers/STM32F4xx_HAL_Driver/Src/stm32f4xx_hal_cortex.c.obj
 .debug_abbrev  0x000011a8      0x214 CMakeFiles/Power_Logging_Module_25.dir/Drivers/STM32F4xx_HAL_Driver/Src/stm32f4xx_hal.c.obj
 .debug_abbrev  0x000013bc      0x25a CMakeFiles/Power_Logging_Module_25.dir/Drivers/STM32F4xx_HAL_Driver/Src/stm32f4xx_hal_can.c.obj
 .debug_abbrev  0x00001616      0x2ad CMakeFiles/Power_Logging_Module_25.dir/Drivers/STM32F4xx_HAL_Driver/Src/stm32f4xx_hal_i2c.c.obj
 .debug_abbrev  0x000018c3      0x1ee CMakeFiles/Power_Logging_Module_25.dir/Drivers/STM32F4xx_HAL_Driver/Src/stm32f4xx_hal_rtc.c.obj
 .debug_abbrev  0x00001ab1      0x1d6 CMakeFiles/Power_Logging_Module_25.dir/Drivers/STM32F4xx_HAL_Driver/Src/stm32f4xx_ll_sdmmc.c.obj
 .debug_abbrev  0x00001c87      0x297 CMakeFiles/Power_Logging_Module_25.dir/Drivers/STM32F4xx_HAL_Driver/Src/stm32f4xx_hal_sd.c.obj
 .debug_abbrev  0x00001f1e      0x30e CMakeFiles/Power_Logging_Module_25.dir/Drivers/STM32F4xx_HAL_Driver/Src/stm32f4xx_hal_uart.c.obj
 .debug_abbrev  0x0000222c      0x11a CMakeFiles/Power_Logging_Module_25.dir/Core/Src/system_stm32f4xx.c.obj
 .debug_abbrev  0x00002346       0x24 CMakeFiles/Power_Logging_Module_25.dir/startup_stm32f446xx.s.obj

.debug_aranges  0x00000000      0xfd8
 .debug_aranges
                0x00000000       0x88 CMakeFiles/Power_Logging_Module_25.dir/Core/Src/main.c.obj
 .debug_aranges
                0x00000088       0x60 CMakeFiles/Power_Logging_Module_25.dir/Core/Src/stm32f4xx_it.c.obj
 .debug_aranges
                0x000000e8       0x80 CMakeFiles/Power_Logging_Module_25.dir/Core/Src/stm32f4xx_hal_msp.c.obj
 .debug_aranges
                0x00000168       0xe8 CMakeFiles/Power_Logging_Module_25.dir/Drivers/STM32F4xx_HAL_Driver/Src/stm32f4xx_hal_adc.c.obj
 .debug_aranges
                0x00000250       0x88 CMakeFiles/Power_Logging_Module_25.dir/Drivers/STM32F4xx_HAL_Driver/Src/stm32f4xx_hal_rcc.c.obj
 .debug_aranges
                0x000002d8       0x78 CMakeFiles/Power_Logging_Module_25.dir/Drivers/STM32F4xx_HAL_Driver/Src/stm32f4xx_hal_rcc_ex.c.obj
 .debug_aranges
                0x00000350       0x58 CMakeFiles/Power_Logging_Module_25.dir/Drivers/STM32F4xx_HAL_Driver/Src/stm32f4xx_hal_gpio.c.obj
 .debug_aranges
                0x000003a8      0x130 CMakeFiles/Power_Logging_Module_25.dir/Drivers/STM32F4xx_HAL_Driver/Src/stm32f4xx_hal_cortex.c.obj
 .debug_aranges
                0x000004d8       0xf0 CMakeFiles/Power_Logging_Module_25.dir/Drivers/STM32F4xx_HAL_Driver/Src/stm32f4xx_hal.c.obj
 .debug_aranges
                0x000005c8      0x138 CMakeFiles/Power_Logging_Module_25.dir/Drivers/STM32F4xx_HAL_Driver/Src/stm32f4xx_hal_can.c.obj
 .debug_aranges
                0x00000700      0x2a8 CMakeFiles/Power_Logging_Module_25.dir/Drivers/STM32F4xx_HAL_Driver/Src/stm32f4xx_hal_i2c.c.obj
 .debug_aranges
                0x000009a8       0xe8 CMakeFiles/Power_Logging_Module_25.dir/Drivers/STM32F4xx_HAL_Driver/Src/stm32f4xx_hal_rtc.c.obj
 .debug_aranges
                0x00000a90      0x188 CMakeFiles/Power_Logging_Module_25.dir/Drivers/STM32F4xx_HAL_Driver/Src/stm32f4xx_ll_sdmmc.c.obj
 .debug_aranges
                0x00000c18      0x168 CMakeFiles/Power_Logging_Module_25.dir/Drivers/STM32F4xx_HAL_Driver/Src/stm32f4xx_hal_sd.c.obj
 .debug_aranges
                0x00000d80      0x208 CMakeFiles/Power_Logging_Module_25.dir/Drivers/STM32F4xx_HAL_Driver/Src/stm32f4xx_hal_uart.c.obj
 .debug_aranges
                0x00000f88       0x28 CMakeFiles/Power_Logging_Module_25.dir/Core/Src/system_stm32f4xx.c.obj
 .debug_aranges
                0x00000fb0       0x28 CMakeFiles/Power_Logging_Module_25.dir/startup_stm32f446xx.s.obj

.debug_rnglists
                0x00000000      0xc65
 .debug_rnglists
                0x00000000       0x66 CMakeFiles/Power_Logging_Module_25.dir/Core/Src/main.c.obj
 .debug_rnglists
                0x00000066       0x43 CMakeFiles/Power_Logging_Module_25.dir/Core/Src/stm32f4xx_it.c.obj
 .debug_rnglists
                0x000000a9       0x62 CMakeFiles/Power_Logging_Module_25.dir/Core/Src/stm32f4xx_hal_msp.c.obj
 .debug_rnglists
                0x0000010b       0xb5 CMakeFiles/Power_Logging_Module_25.dir/Drivers/STM32F4xx_HAL_Driver/Src/stm32f4xx_hal_adc.c.obj
 .debug_rnglists
                0x000001c0       0x66 CMakeFiles/Power_Logging_Module_25.dir/Drivers/STM32F4xx_HAL_Driver/Src/stm32f4xx_hal_rcc.c.obj
 .debug_rnglists
                0x00000226       0x5e CMakeFiles/Power_Logging_Module_25.dir/Drivers/STM32F4xx_HAL_Driver/Src/stm32f4xx_hal_rcc_ex.c.obj
 .debug_rnglists
                0x00000284       0x3f CMakeFiles/Power_Logging_Module_25.dir/Drivers/STM32F4xx_HAL_Driver/Src/stm32f4xx_hal_gpio.c.obj
 .debug_rnglists
                0x000002c3       0xe0 CMakeFiles/Power_Logging_Module_25.dir/Drivers/STM32F4xx_HAL_Driver/Src/stm32f4xx_hal_cortex.c.obj
 .debug_rnglists
                0x000003a3       0xaf CMakeFiles/Power_Logging_Module_25.dir/Drivers/STM32F4xx_HAL_Driver/Src/stm32f4xx_hal.c.obj
 .debug_rnglists
                0x00000452       0xee CMakeFiles/Power_Logging_Module_25.dir/Drivers/STM32F4xx_HAL_Driver/Src/stm32f4xx_hal_can.c.obj
 .debug_rnglists
                0x00000540      0x23c CMakeFiles/Power_Logging_Module_25.dir/Drivers/STM32F4xx_HAL_Driver/Src/stm32f4xx_hal_i2c.c.obj
 .debug_rnglists
                0x0000077c       0xb4 CMakeFiles/Power_Logging_Module_25.dir/Drivers/STM32F4xx_HAL_Driver/Src/stm32f4xx_hal_rtc.c.obj
 .debug_rnglists
                0x00000830      0x125 CMakeFiles/Power_Logging_Module_25.dir/Drivers/STM32F4xx_HAL_Driver/Src/stm32f4xx_ll_sdmmc.c.obj
 .debug_rnglists
                0x00000955      0x121 CMakeFiles/Power_Logging_Module_25.dir/Drivers/STM32F4xx_HAL_Driver/Src/stm32f4xx_hal_sd.c.obj
 .debug_rnglists
                0x00000a76      0x1bc CMakeFiles/Power_Logging_Module_25.dir/Drivers/STM32F4xx_HAL_Driver/Src/stm32f4xx_hal_uart.c.obj
 .debug_rnglists
                0x00000c32       0x1a CMakeFiles/Power_Logging_Module_25.dir/Core/Src/system_stm32f4xx.c.obj
 .debug_rnglists
                0x00000c4c       0x19 CMakeFiles/Power_Logging_Module_25.dir/startup_stm32f446xx.s.obj

.debug_macro    0x00000000    0x23e52
 .debug_macro   0x00000000      0x241 CMakeFiles/Power_Logging_Module_25.dir/Core/Src/main.c.obj
 .debug_macro   0x00000241      0xab4 CMakeFiles/Power_Logging_Module_25.dir/Core/Src/main.c.obj
 .debug_macro   0x00000cf5      0x2b3 CMakeFiles/Power_Logging_Module_25.dir/Core/Src/main.c.obj
 .debug_macro   0x00000fa8       0x2e CMakeFiles/Power_Logging_Module_25.dir/Core/Src/main.c.obj
 .debug_macro   0x00000fd6       0x28 CMakeFiles/Power_Logging_Module_25.dir/Core/Src/main.c.obj
 .debug_macro   0x00000ffe       0x22 CMakeFiles/Power_Logging_Module_25.dir/Core/Src/main.c.obj
 .debug_macro   0x00001020       0x8e CMakeFiles/Power_Logging_Module_25.dir/Core/Src/main.c.obj
 .debug_macro   0x000010ae       0x51 CMakeFiles/Power_Logging_Module_25.dir/Core/Src/main.c.obj
 .debug_macro   0x000010ff      0x103 CMakeFiles/Power_Logging_Module_25.dir/Core/Src/main.c.obj
 .debug_macro   0x00001202       0x6a CMakeFiles/Power_Logging_Module_25.dir/Core/Src/main.c.obj
 .debug_macro   0x0000126c      0x1df CMakeFiles/Power_Logging_Module_25.dir/Core/Src/main.c.obj
 .debug_macro   0x0000144b       0x1c CMakeFiles/Power_Logging_Module_25.dir/Core/Src/main.c.obj
 .debug_macro   0x00001467       0x22 CMakeFiles/Power_Logging_Module_25.dir/Core/Src/main.c.obj
 .debug_macro   0x00001489       0xfb CMakeFiles/Power_Logging_Module_25.dir/Core/Src/main.c.obj
 .debug_macro   0x00001584     0x1011 CMakeFiles/Power_Logging_Module_25.dir/Core/Src/main.c.obj
 .debug_macro   0x00002595      0x11f CMakeFiles/Power_Logging_Module_25.dir/Core/Src/main.c.obj
 .debug_macro   0x000026b4    0x16749 CMakeFiles/Power_Logging_Module_25.dir/Core/Src/main.c.obj
 .debug_macro   0x00018dfd       0x6d CMakeFiles/Power_Logging_Module_25.dir/Core/Src/main.c.obj
 .debug_macro   0x00018e6a     0x369a CMakeFiles/Power_Logging_Module_25.dir/Core/Src/main.c.obj
 .debug_macro   0x0001c504      0x189 CMakeFiles/Power_Logging_Module_25.dir/Core/Src/main.c.obj
 .debug_macro   0x0001c68d       0x5c CMakeFiles/Power_Logging_Module_25.dir/Core/Src/main.c.obj
 .debug_macro   0x0001c6e9      0xca5 CMakeFiles/Power_Logging_Module_25.dir/Core/Src/main.c.obj
 .debug_macro   0x0001d38e      0x9e9 CMakeFiles/Power_Logging_Module_25.dir/Core/Src/main.c.obj
 .debug_macro   0x0001dd77      0x115 CMakeFiles/Power_Logging_Module_25.dir/Core/Src/main.c.obj
 .debug_macro   0x0001de8c      0x1a0 CMakeFiles/Power_Logging_Module_25.dir/Core/Src/main.c.obj
 .debug_macro   0x0001e02c       0xa5 CMakeFiles/Power_Logging_Module_25.dir/Core/Src/main.c.obj
 .debug_macro   0x0001e0d1      0x16d CMakeFiles/Power_Logging_Module_25.dir/Core/Src/main.c.obj
 .debug_macro   0x0001e23e      0x287 CMakeFiles/Power_Logging_Module_25.dir/Core/Src/main.c.obj
 .debug_macro   0x0001e4c5       0x5f CMakeFiles/Power_Logging_Module_25.dir/Core/Src/main.c.obj
 .debug_macro   0x0001e524      0x236 CMakeFiles/Power_Logging_Module_25.dir/Core/Src/main.c.obj
 .debug_macro   0x0001e75a      0xb5b CMakeFiles/Power_Logging_Module_25.dir/Core/Src/main.c.obj
 .debug_macro   0x0001f2b5      0x38b CMakeFiles/Power_Logging_Module_25.dir/Core/Src/main.c.obj
 .debug_macro   0x0001f640      0x17d CMakeFiles/Power_Logging_Module_25.dir/Core/Src/main.c.obj
 .debug_macro   0x0001f7bd       0xf9 CMakeFiles/Power_Logging_Module_25.dir/Core/Src/main.c.obj
 .debug_macro   0x0001f8b6      0x40f CMakeFiles/Power_Logging_Module_25.dir/Core/Src/main.c.obj
 .debug_macro   0x0001fcc5      0x132 CMakeFiles/Power_Logging_Module_25.dir/Core/Src/main.c.obj
 .debug_macro   0x0001fdf7      0x29c CMakeFiles/Power_Logging_Module_25.dir/Core/Src/main.c.obj
 .debug_macro   0x00020093       0x2e CMakeFiles/Power_Logging_Module_25.dir/Core/Src/main.c.obj
 .debug_macro   0x000200c1      0x1b5 CMakeFiles/Power_Logging_Module_25.dir/Core/Src/main.c.obj
 .debug_macro   0x00020276       0x22 CMakeFiles/Power_Logging_Module_25.dir/Core/Src/main.c.obj
 .debug_macro   0x00020298       0xd6 CMakeFiles/Power_Logging_Module_25.dir/Core/Src/main.c.obj
 .debug_macro   0x0002036e      0x127 CMakeFiles/Power_Logging_Module_25.dir/Core/Src/main.c.obj
 .debug_macro   0x00020495       0xe8 CMakeFiles/Power_Logging_Module_25.dir/Core/Src/main.c.obj
 .debug_macro   0x0002057d       0x89 CMakeFiles/Power_Logging_Module_25.dir/Core/Src/main.c.obj
 .debug_macro   0x00020606      0x30c CMakeFiles/Power_Logging_Module_25.dir/Core/Src/main.c.obj
 .debug_macro   0x00020912      0x44b CMakeFiles/Power_Logging_Module_25.dir/Core/Src/main.c.obj
 .debug_macro   0x00020d5d       0xeb CMakeFiles/Power_Logging_Module_25.dir/Core/Src/main.c.obj
 .debug_macro   0x00020e48      0x822 CMakeFiles/Power_Logging_Module_25.dir/Core/Src/main.c.obj
 .debug_macro   0x0002166a      0x1d5 CMakeFiles/Power_Logging_Module_25.dir/Core/Src/main.c.obj
 .debug_macro   0x0002183f      0x2aa CMakeFiles/Power_Logging_Module_25.dir/Core/Src/main.c.obj
 .debug_macro   0x00021ae9      0x126 CMakeFiles/Power_Logging_Module_25.dir/Core/Src/main.c.obj
 .debug_macro   0x00021c0f      0x24b CMakeFiles/Power_Logging_Module_25.dir/Core/Src/stm32f4xx_it.c.obj
 .debug_macro   0x00021e5a      0x241 CMakeFiles/Power_Logging_Module_25.dir/Core/Src/stm32f4xx_hal_msp.c.obj
 .debug_macro   0x0002209b      0x238 CMakeFiles/Power_Logging_Module_25.dir/Drivers/STM32F4xx_HAL_Driver/Src/stm32f4xx_hal_adc.c.obj
 .debug_macro   0x000222d3      0x25b CMakeFiles/Power_Logging_Module_25.dir/Drivers/STM32F4xx_HAL_Driver/Src/stm32f4xx_hal_rcc.c.obj
 .debug_macro   0x0002252e      0x237 CMakeFiles/Power_Logging_Module_25.dir/Drivers/STM32F4xx_HAL_Driver/Src/stm32f4xx_hal_rcc_ex.c.obj
 .debug_macro   0x00022765      0x23d CMakeFiles/Power_Logging_Module_25.dir/Drivers/STM32F4xx_HAL_Driver/Src/stm32f4xx_hal_gpio.c.obj
 .debug_macro   0x000229a2      0x237 CMakeFiles/Power_Logging_Module_25.dir/Drivers/STM32F4xx_HAL_Driver/Src/stm32f4xx_hal_cortex.c.obj
 .debug_macro   0x00022bd9      0x297 CMakeFiles/Power_Logging_Module_25.dir/Drivers/STM32F4xx_HAL_Driver/Src/stm32f4xx_hal.c.obj
 .debug_macro   0x00022e70      0x246 CMakeFiles/Power_Logging_Module_25.dir/Drivers/STM32F4xx_HAL_Driver/Src/stm32f4xx_hal_can.c.obj
 .debug_macro   0x000230b6      0x285 CMakeFiles/Power_Logging_Module_25.dir/Drivers/STM32F4xx_HAL_Driver/Src/stm32f4xx_hal_i2c.c.obj
 .debug_macro   0x0002333b      0x238 CMakeFiles/Power_Logging_Module_25.dir/Drivers/STM32F4xx_HAL_Driver/Src/stm32f4xx_hal_rtc.c.obj
 .debug_macro   0x00023573      0x238 CMakeFiles/Power_Logging_Module_25.dir/Drivers/STM32F4xx_HAL_Driver/Src/stm32f4xx_ll_sdmmc.c.obj
 .debug_macro   0x000237ab      0x238 CMakeFiles/Power_Logging_Module_25.dir/Drivers/STM32F4xx_HAL_Driver/Src/stm32f4xx_hal_sd.c.obj
 .debug_macro   0x000239e3      0x238 CMakeFiles/Power_Logging_Module_25.dir/Drivers/STM32F4xx_HAL_Driver/Src/stm32f4xx_hal_uart.c.obj
 .debug_macro   0x00023c1b      0x237 CMakeFiles/Power_Logging_Module_25.dir/Core/Src/system_stm32f4xx.c.obj

.debug_line     0x00000000    0x1439e
 .debug_line    0x00000000      0xbe4 CMakeFiles/Power_Logging_Module_25.dir/Core/Src/main.c.obj
 .debug_line    0x00000be4      0x906 CMakeFiles/Power_Logging_Module_25.dir/Core/Src/stm32f4xx_it.c.obj
 .debug_line    0x000014ea      0xb64 CMakeFiles/Power_Logging_Module_25.dir/Core/Src/stm32f4xx_hal_msp.c.obj
 .debug_line    0x0000204e     0x13c5 CMakeFiles/Power_Logging_Module_25.dir/Drivers/STM32F4xx_HAL_Driver/Src/stm32f4xx_hal_adc.c.obj
 .debug_line    0x00003413      0xec6 CMakeFiles/Power_Logging_Module_25.dir/Drivers/STM32F4xx_HAL_Driver/Src/stm32f4xx_hal_rcc.c.obj
 .debug_line    0x000042d9     0x1535 CMakeFiles/Power_Logging_Module_25.dir/Drivers/STM32F4xx_HAL_Driver/Src/stm32f4xx_hal_rcc_ex.c.obj
 .debug_line    0x0000580e      0xca9 CMakeFiles/Power_Logging_Module_25.dir/Drivers/STM32F4xx_HAL_Driver/Src/stm32f4xx_hal_gpio.c.obj
 .debug_line    0x000064b7      0xe23 CMakeFiles/Power_Logging_Module_25.dir/Drivers/STM32F4xx_HAL_Driver/Src/stm32f4xx_hal_cortex.c.obj
 .debug_line    0x000072da      0xb31 CMakeFiles/Power_Logging_Module_25.dir/Drivers/STM32F4xx_HAL_Driver/Src/stm32f4xx_hal.c.obj
 .debug_line    0x00007e0b     0x12e0 CMakeFiles/Power_Logging_Module_25.dir/Drivers/STM32F4xx_HAL_Driver/Src/stm32f4xx_hal_can.c.obj
 .debug_line    0x000090eb     0x3c77 CMakeFiles/Power_Logging_Module_25.dir/Drivers/STM32F4xx_HAL_Driver/Src/stm32f4xx_hal_i2c.c.obj
 .debug_line    0x0000cd62     0x1215 CMakeFiles/Power_Logging_Module_25.dir/Drivers/STM32F4xx_HAL_Driver/Src/stm32f4xx_hal_rtc.c.obj
 .debug_line    0x0000df77     0x10c0 CMakeFiles/Power_Logging_Module_25.dir/Drivers/STM32F4xx_HAL_Driver/Src/stm32f4xx_ll_sdmmc.c.obj
 .debug_line    0x0000f037     0x2022 CMakeFiles/Power_Logging_Module_25.dir/Drivers/STM32F4xx_HAL_Driver/Src/stm32f4xx_hal_sd.c.obj
 .debug_line    0x00011059     0x2a03 CMakeFiles/Power_Logging_Module_25.dir/Drivers/STM32F4xx_HAL_Driver/Src/stm32f4xx_hal_uart.c.obj
 .debug_line    0x00013a5c      0x8c8 CMakeFiles/Power_Logging_Module_25.dir/Core/Src/system_stm32f4xx.c.obj
 .debug_line    0x00014324       0x7a CMakeFiles/Power_Logging_Module_25.dir/startup_stm32f446xx.s.obj

.debug_str      0x00000000    0xe190e
 .debug_str     0x00000000    0xdd540 CMakeFiles/Power_Logging_Module_25.dir/Core/Src/main.c.obj
                              0xdd8f4 (size before relaxing)
 .debug_str     0x000dd540      0x103 CMakeFiles/Power_Logging_Module_25.dir/Core/Src/stm32f4xx_it.c.obj
                              0xdc638 (size before relaxing)
 .debug_str     0x000dd643      0x30b CMakeFiles/Power_Logging_Module_25.dir/Core/Src/stm32f4xx_hal_msp.c.obj
                              0xdd8ae (size before relaxing)
 .debug_str     0x000dd94e      0x326 CMakeFiles/Power_Logging_Module_25.dir/Drivers/STM32F4xx_HAL_Driver/Src/stm32f4xx_hal_adc.c.obj
                              0xdcd4f (size before relaxing)
 .debug_str     0x000ddc74      0x2d5 CMakeFiles/Power_Logging_Module_25.dir/Drivers/STM32F4xx_HAL_Driver/Src/stm32f4xx_hal_rcc.c.obj
                              0xdcbc0 (size before relaxing)
 .debug_str     0x000ddf49      0x1d7 CMakeFiles/Power_Logging_Module_25.dir/Drivers/STM32F4xx_HAL_Driver/Src/stm32f4xx_hal_rcc_ex.c.obj
                              0xdcbf3 (size before relaxing)
 .debug_str     0x000de120      0x15b CMakeFiles/Power_Logging_Module_25.dir/Drivers/STM32F4xx_HAL_Driver/Src/stm32f4xx_hal_gpio.c.obj
                              0xdc902 (size before relaxing)
 .debug_str     0x000de27b      0x97f CMakeFiles/Power_Logging_Module_25.dir/Drivers/STM32F4xx_HAL_Driver/Src/stm32f4xx_hal_cortex.c.obj
                              0xdd0a3 (size before relaxing)
 .debug_str     0x000debfa      0x5b8 CMakeFiles/Power_Logging_Module_25.dir/Drivers/STM32F4xx_HAL_Driver/Src/stm32f4xx_hal.c.obj
                              0xdd34c (size before relaxing)
 .debug_str     0x000df1b2      0x5ca CMakeFiles/Power_Logging_Module_25.dir/Drivers/STM32F4xx_HAL_Driver/Src/stm32f4xx_hal_can.c.obj
                              0xdce5c (size before relaxing)
 .debug_str     0x000df77c      0xb51 CMakeFiles/Power_Logging_Module_25.dir/Drivers/STM32F4xx_HAL_Driver/Src/stm32f4xx_hal_i2c.c.obj
                              0xdd785 (size before relaxing)
 .debug_str     0x000e02cd      0x378 CMakeFiles/Power_Logging_Module_25.dir/Drivers/STM32F4xx_HAL_Driver/Src/stm32f4xx_hal_rtc.c.obj
                              0xdcbd1 (size before relaxing)
 .debug_str     0x000e0645      0x502 CMakeFiles/Power_Logging_Module_25.dir/Drivers/STM32F4xx_HAL_Driver/Src/stm32f4xx_ll_sdmmc.c.obj
                              0xdcbe9 (size before relaxing)
 .debug_str     0x000e0b47      0x693 CMakeFiles/Power_Logging_Module_25.dir/Drivers/STM32F4xx_HAL_Driver/Src/stm32f4xx_hal_sd.c.obj
                              0xdd4db (size before relaxing)
 .debug_str     0x000e11da      0x641 CMakeFiles/Power_Logging_Module_25.dir/Drivers/STM32F4xx_HAL_Driver/Src/stm32f4xx_hal_uart.c.obj
                              0xdd177 (size before relaxing)
 .debug_str     0x000e181b       0x84 CMakeFiles/Power_Logging_Module_25.dir/Core/Src/system_stm32f4xx.c.obj
                              0xdc787 (size before relaxing)
 .debug_str     0x000e189f       0x6f CMakeFiles/Power_Logging_Module_25.dir/startup_stm32f446xx.s.obj
                                 0xb8 (size before relaxing)

.comment        0x00000000       0x43
 .comment       0x00000000       0x43 CMakeFiles/Power_Logging_Module_25.dir/Core/Src/main.c.obj
                                 0x44 (size before relaxing)
 .comment       0x00000043       0x44 CMakeFiles/Power_Logging_Module_25.dir/Core/Src/stm32f4xx_it.c.obj
 .comment       0x00000043       0x44 CMakeFiles/Power_Logging_Module_25.dir/Core/Src/stm32f4xx_hal_msp.c.obj
 .comment       0x00000043       0x44 CMakeFiles/Power_Logging_Module_25.dir/Drivers/STM32F4xx_HAL_Driver/Src/stm32f4xx_hal_adc.c.obj
 .comment       0x00000043       0x44 CMakeFiles/Power_Logging_Module_25.dir/Drivers/STM32F4xx_HAL_Driver/Src/stm32f4xx_hal_rcc.c.obj
 .comment       0x00000043       0x44 CMakeFiles/Power_Logging_Module_25.dir/Drivers/STM32F4xx_HAL_Driver/Src/stm32f4xx_hal_rcc_ex.c.obj
 .comment       0x00000043       0x44 CMakeFiles/Power_Logging_Module_25.dir/Drivers/STM32F4xx_HAL_Driver/Src/stm32f4xx_hal_gpio.c.obj
 .comment       0x00000043       0x44 CMakeFiles/Power_Logging_Module_25.dir/Drivers/STM32F4xx_HAL_Driver/Src/stm32f4xx_hal_cortex.c.obj
 .comment       0x00000043       0x44 CMakeFiles/Power_Logging_Module_25.dir/Drivers/STM32F4xx_HAL_Driver/Src/stm32f4xx_hal.c.obj
 .comment       0x00000043       0x44 CMakeFiles/Power_Logging_Module_25.dir/Drivers/STM32F4xx_HAL_Driver/Src/stm32f4xx_hal_can.c.obj
 .comment       0x00000043       0x44 CMakeFiles/Power_Logging_Module_25.dir/Drivers/STM32F4xx_HAL_Driver/Src/stm32f4xx_hal_i2c.c.obj
 .comment       0x00000043       0x44 CMakeFiles/Power_Logging_Module_25.dir/Drivers/STM32F4xx_HAL_Driver/Src/stm32f4xx_hal_rtc.c.obj
 .comment       0x00000043       0x44 CMakeFiles/Power_Logging_Module_25.dir/Drivers/STM32F4xx_HAL_Driver/Src/stm32f4xx_ll_sdmmc.c.obj
 .comment       0x00000043       0x44 CMakeFiles/Power_Logging_Module_25.dir/Drivers/STM32F4xx_HAL_Driver/Src/stm32f4xx_hal_sd.c.obj
 .comment       0x00000043       0x44 CMakeFiles/Power_Logging_Module_25.dir/Drivers/STM32F4xx_HAL_Driver/Src/stm32f4xx_hal_uart.c.obj
 .comment       0x00000043       0x44 CMakeFiles/Power_Logging_Module_25.dir/Core/Src/system_stm32f4xx.c.obj

.debug_line_str
                0x00000000       0x9c
 .debug_line_str
                0x00000000       0x9c CMakeFiles/Power_Logging_Module_25.dir/startup_stm32f446xx.s.obj
